fastscan generator succeeded, created: sram_dma.mdt
ARM Inc.
CentOS Linux release 7.9.2009 (Core)
Linux mun 6.12.90 #1-NixOS SMP PREEMPT_DYNAMIC Sun May 17 15:14:35 UTC 2026 x86_64 x86_64 x86_64 GNU/Linux
Compiler version r2p0
GUI version 8.5.23-EAC


CONFIDENTIAL AND PROPRIETARY SOFTWARE OF ARM INC.

Copyright (c) 1993 - 2026 ARM Inc.  All Rights Reserved.

Use of this Software is subject to the terms and conditions of the
applicable license agreement with ARM Inc.
In addition, this Software is protected by patents, copyright law
and international treaties.

The copyright notice(s) in this Software does not indicate actual or
intended publication of this Software.


High Speed Two Port Register File SVT MVT Compiler, LN05LPE Process 0.053um^2 (TPL053) Bit Cell
Launching LEF Footprint generator...
INFO: SER bits: 0
lef-fp generator succeeded, created:
   sram_dma.lef
   sram_dma.lef
ARM Inc.
CentOS Linux release 7.9.2009 (Core)
Linux mun 6.12.90 #1-NixOS SMP PREEMPT_DYNAMIC Sun May 17 15:14:35 UTC 2026 x86_64 x86_64 x86_64 GNU/Linux
Compiler version r2p0
GUI version 8.5.23-EAC


CONFIDENTIAL AND PROPRIETARY SOFTWARE OF ARM INC.

Copyright (c) 1993 - 2026 ARM Inc.  All Rights Reserved.

Use of this Software is subject to the terms and conditions of the
applicable license agreement with ARM Inc.
In addition, this Software is protected by patents, copyright law
and international treaties.

The copyright notice(s) in this Software does not indicate actual or
intended publication of this Software.


High Speed Two Port Register File SVT MVT Compiler, LN05LPE Process 0.053um^2 (TPL053) Bit Cell
Launching Liberty Model generator...
INFO: SER bits: 0
curr_command=liberty liberty
curr_command=-flib -flib
curr_command=sram_dma sram_dma
curr_command=-corner -corner
curr_command=ffpg_sigcmin_0p825v_0p825v_125c ffpg_sigcmin_0p825v_0p825v_125c
curr_command=-ext -ext
curr_command=lib_sh5p1cm lib_sh5p1cm
curr_command=-fscale -fscale
curr_command=/work/PDK/SAMSUNGLN05LPE/SRAM_Libs/dual_regfile/bin/linux/post_process.rdb /work/PDK/SAMSUNGLN05LPE/SRAM_Libs/dual_regfile/bin/linux/post_process.rdb
 Successfully generated liberty sram_dma_ffpg_sigcmin_0p825v_0p825v_125c.lib_sh5p1cm
curr_command=liberty liberty
curr_command=-flib -flib
curr_command=sram_dma sram_dma
curr_command=-corner -corner
curr_command=ffpg_sigcmin_0p90v_0p90v_125c ffpg_sigcmin_0p90v_0p90v_125c
curr_command=-ext -ext
curr_command=lib_sh5p1cm lib_sh5p1cm
curr_command=-fscale -fscale
curr_command=/work/PDK/SAMSUNGLN05LPE/SRAM_Libs/dual_regfile/bin/linux/post_process.rdb /work/PDK/SAMSUNGLN05LPE/SRAM_Libs/dual_regfile/bin/linux/post_process.rdb
 Successfully generated liberty sram_dma_ffpg_sigcmin_0p90v_0p90v_125c.lib_sh5p1cm
curr_command=liberty liberty
curr_command=-flib -flib
curr_command=sram_dma sram_dma
curr_command=-corner -corner
curr_command=ffpg_sigcmin_1p00v_1p00v_125c ffpg_sigcmin_1p00v_1p00v_125c
curr_command=-ext -ext
curr_command=lib_sh5p1cm lib_sh5p1cm
curr_command=-fscale -fscale
curr_command=/work/PDK/SAMSUNGLN05LPE/SRAM_Libs/dual_regfile/bin/linux/post_process.rdb /work/PDK/SAMSUNGLN05LPE/SRAM_Libs/dual_regfile/bin/linux/post_process.rdb
 Successfully generated liberty sram_dma_ffpg_sigcmin_1p00v_1p00v_125c.lib_sh5p1cm
curr_command=liberty liberty
curr_command=-flib -flib
curr_command=sram_dma sram_dma
curr_command=-corner -corner
curr_command=tt_nominal_0p75v_0p75v_125c tt_nominal_0p75v_0p75v_125c
curr_command=-ext -ext
curr_command=lib_sh5p1cm lib_sh5p1cm
curr_command=-fscale -fscale
curr_command=/work/PDK/SAMSUNGLN05LPE/SRAM_Libs/dual_regfile/bin/linux/post_process.rdb /work/PDK/SAMSUNGLN05LPE/SRAM_Libs/dual_regfile/bin/linux/post_process.rdb
curr_command=liberty liberty
curr_command=-flib -flib
curr_command=sram_dma sram_dma
curr_command=-corner -corner
curr_command=tt_nominal_0p85v_0p85v_125c tt_nominal_0p85v_0p85v_125c
curr_command=-ext -ext
curr_command=lib_sh5p1cm lib_sh5p1cm
curr_command=-fscale -fscale
curr_command=/work/PDK/SAMSUNGLN05LPE/SRAM_Libs/dual_regfile/bin/linux/post_process.rdb /work/PDK/SAMSUNGLN05LPE/SRAM_Libs/dual_regfile/bin/linux/post_process.rdb
curr_command=liberty liberty
curr_command=-flib -flib
curr_command=sram_dma sram_dma
curr_command=-corner -corner
curr_command=tt_nominal_0p95v_0p95v_125c tt_nominal_0p95v_0p95v_125c
curr_command=-ext -ext
curr_command=lib_sh5p1cm lib_sh5p1cm
curr_command=-fscale -fscale
curr_command=/work/PDK/SAMSUNGLN05LPE/SRAM_Libs/dual_regfile/bin/linux/post_process.rdb /work/PDK/SAMSUNGLN05LPE/SRAM_Libs/dual_regfile/bin/linux/post_process.rdb
liberty generator succeeded, created:
   sram_dma_ffpg_sigcmin_0p825v_0p825v_125c.lib
   sram_dma_ffpg_sigcmin_0p90v_0p90v_125c.lib
   sram_dma_ffpg_sigcmin_1p00v_1p00v_125c.lib
   sram_dma_tt_nominal_0p75v_0p75v_125c.lib
   sram_dma_tt_nominal_0p85v_0p85v_125c.lib
   sram_dma_tt_nominal_0p95v_0p95v_125c.lib
   sram_dma_ffpg_sigcmin_0p825v_0p825v_125c.lib_sh5p1cm
   sram_dma_ffpg_sigcmin_0p90v_0p90v_125c.lib_sh5p1cm
   sram_dma_ffpg_sigcmin_1p00v_1p00v_125c.lib_sh5p1cm
ARM Inc.
CentOS Linux release 7.9.2009 (Core)
Linux mun 6.12.90 #1-NixOS SMP PREEMPT_DYNAMIC Sun May 17 15:14:35 UTC 2026 x86_64 x86_64 x86_64 GNU/Linux
Compiler version r2p0
GUI version 8.5.23-EAC


CONFIDENTIAL AND PROPRIETARY SOFTWARE OF ARM INC.

Copyright (c) 1993 - 2026 ARM Inc.  All Rights Reserved.

Use of this Software is subject to the terms and conditions of the
applicable license agreement with ARM Inc.
In addition, this Software is protected by patents, copyright law
and international treaties.

The copyright notice(s) in this Software does not indicate actual or
intended publication of this Software.


High Speed Two Port Register File SVT MVT Compiler, LN05LPE Process 0.053um^2 (TPL053) Bit Cell
Launching Masis Model generator...
INFO: SER bits: 0
PATTERN LENGTH:32
colBitPatternString LENGTH:85
bitSequencePattern LENGTH:32
COLUMN LENGTH:32 X1 VALUE=32
masis generator succeeded, created: sram_dma.masis
ARM Inc.
CentOS Linux release 7.9.2009 (Core)
Linux mun 6.12.90 #1-NixOS SMP PREEMPT_DYNAMIC Sun May 17 15:14:35 UTC 2026 x86_64 x86_64 x86_64 GNU/Linux
Compiler version r2p0
GUI version 8.5.23-EAC


CONFIDENTIAL AND PROPRIETARY SOFTWARE OF ARM INC.

Copyright (c) 1993 - 2026 ARM Inc.  All Rights Reserved.

Use of this Software is subject to the terms and conditions of the
applicable license agreement with ARM Inc.
In addition, this Software is protected by patents, copyright law
and international treaties.

The copyright notice(s) in this Software does not indicate actual or
intended publication of this Software.


High Speed Two Port Register File SVT MVT Compiler, LN05LPE Process 0.053um^2 (TPL053) Bit Cell
Launching Tessent MemoryBIST Model generator...
INFO: SER bits: 0
memorybist generator succeeded, created: sram_dma.memlib
ARM Inc.
CentOS Linux release 7.9.2009 (Core)
Linux mun 6.12.90 #1-NixOS SMP PREEMPT_DYNAMIC Sun May 17 15:14:35 UTC 2026 x86_64 x86_64 x86_64 GNU/Linux
Compiler version r2p0
GUI version 8.5.23-EAC


CONFIDENTIAL AND PROPRIETARY SOFTWARE OF ARM INC.

Copyright (c) 1993 - 2026 ARM Inc.  All Rights Reserved.

Use of this Software is subject to the terms and conditions of the
applicable license agreement with ARM Inc.
In addition, this Software is protected by patents, copyright law
and international treaties.

The copyright notice(s) in this Software does not indicate actual or
intended publication of this Software.


High Speed Two Port Register File SVT MVT Compiler, LN05LPE Process 0.053um^2 (TPL053) Bit Cell
Launching PostScript Datasheet generator...
INFO: SER bits: 0
postscript generator succeeded, created:
   sram_dma_ffpg_sigcmin_0p825v_0p825v_125c.ps
   sram_dma_ffpg_sigcmin_0p90v_0p90v_125c.ps
   sram_dma_ffpg_sigcmin_1p00v_1p00v_125c.ps
   sram_dma_tt_nominal_0p75v_0p75v_125c.ps
   sram_dma_tt_nominal_0p85v_0p85v_125c.ps
   sram_dma_tt_nominal_0p95v_0p95v_125c.ps
ARM Inc.
CentOS Linux release 7.9.2009 (Core)
Linux mun 6.12.90 #1-NixOS SMP PREEMPT_DYNAMIC Sun May 17 15:14:35 UTC 2026 x86_64 x86_64 x86_64 GNU/Linux
Compiler version r2p0
GUI version 8.5.23-EAC


CONFIDENTIAL AND PROPRIETARY SOFTWARE OF ARM INC.

Copyright (c) 1993 - 2026 ARM Inc.  All Rights Reserved.

Use of this Software is subject to the terms and conditions of the
applicable license agreement with ARM Inc.
In addition, this Software is protected by patents, copyright law
and international treaties.

The copyright notice(s) in this Software does not indicate actual or
intended publication of this Software.


High Speed Two Port Register File SVT MVT Compiler, LN05LPE Process 0.053um^2 (TPL053) Bit Cell
Launching TetraMax Model generator...
INFO: SER bits: 0
tmax generator succeeded, created: sram_dma.tv
ARM Inc.
CentOS Linux release 7.9.2009 (Core)
Linux mun 6.12.90 #1-NixOS SMP PREEMPT_DYNAMIC Sun May 17 15:14:35 UTC 2026 x86_64 x86_64 x86_64 GNU/Linux
Compiler version r2p0
GUI version 8.5.23-EAC


CONFIDENTIAL AND PROPRIETARY SOFTWARE OF ARM INC.

Copyright (c) 1993 - 2026 ARM Inc.  All Rights Reserved.

Use of this Software is subject to the terms and conditions of the
applicable license agreement with ARM Inc.
In addition, this Software is protected by patents, copyright law
and international treaties.

The copyright notice(s) in this Software does not indicate actual or
intended publication of this Software.


High Speed Two Port Register File SVT MVT Compiler, LN05LPE Process 0.053um^2 (TPL053) Bit Cell
Launching Verilog Model generator...
INFO: SER bits: 0
verilog generator succeeded, created: sram_dma.v
ARM Inc.
CentOS Linux release 7.9.2009 (Core)
Linux mun 6.12.90 #1-NixOS SMP PREEMPT_DYNAMIC Sun May 17 15:14:35 UTC 2026 x86_64 x86_64 x86_64 GNU/Linux
Compiler version r2p0
GUI version 8.5.23-EAC


CONFIDENTIAL AND PROPRIETARY SOFTWARE OF ARM INC.

Copyright (c) 1993 - 2026 ARM Inc.  All Rights Reserved.

Use of this Software is subject to the terms and conditions of the
applicable license agreement with ARM Inc.
In addition, this Software is protected by patents, copyright law
and international treaties.

The copyright notice(s) in this Software does not indicate actual or
intended publication of this Software.


High Speed Two Port Register File SVT MVT Compiler, LN05LPE Process 0.053um^2 (TPL053) Bit Cell
Launching Verilog Atpg Model generator...
INFO: SER bits: 0
verilog_atpg generator succeeded, created: sram_dma_atpg.v
ARM Inc.
CentOS Linux release 7.9.2009 (Core)
Linux mun 6.12.90 #1-NixOS SMP PREEMPT_DYNAMIC Sun May 17 15:14:35 UTC 2026 x86_64 x86_64 x86_64 GNU/Linux
Compiler version r2p0
GUI version 8.5.23-EAC


CONFIDENTIAL AND PROPRIETARY SOFTWARE OF ARM INC.

Copyright (c) 1993 - 2026 ARM Inc.  All Rights Reserved.

Use of this Software is subject to the terms and conditions of the
applicable license agreement with ARM Inc.
In addition, this Software is protected by patents, copyright law
and international treaties.

The copyright notice(s) in this Software does not indicate actual or
intended publication of this Software.


High Speed Two Port Register File SVT MVT Compiler, LN05LPE Process 0.053um^2 (TPL053) Bit Cell
Launching Liberty Model generator...
INFO: SER bits: 0
curr_command=liberty liberty
curr_command=-flib -flib
curr_command=sram_dma sram_dma
curr_command=-corner -corner
curr_command=ffpg_sigcmin_0p825v_0p825v_125c ffpg_sigcmin_0p825v_0p825v_125c
curr_command=-ext -ext
curr_command=lib_ccs_tn_sh5p1cm lib_ccs_tn_sh5p1cm
curr_command=-fscale -fscale
curr_command=/work/PDK/SAMSUNGLN05LPE/SRAM_Libs/dual_regfile/bin/linux/post_process.rdb /work/PDK/SAMSUNGLN05LPE/SRAM_Libs/dual_regfile/bin/linux/post_process.rdb
 Successfully generated liberty sram_dma_ffpg_sigcmin_0p825v_0p825v_125c.lib_ccs_tn_sh5p1cm
curr_command=liberty liberty
curr_command=-flib -flib
curr_command=sram_dma sram_dma
curr_command=-corner -corner
curr_command=ffpg_sigcmin_0p825v_0p825v_m40c ffpg_sigcmin_0p825v_0p825v_m40c
curr_command=-ext -ext
curr_command=lib_ccs_tn_sh5p1cm lib_ccs_tn_sh5p1cm
curr_command=-fscale -fscale
curr_command=/work/PDK/SAMSUNGLN05LPE/SRAM_Libs/dual_regfile/bin/linux/post_process.rdb /work/PDK/SAMSUNGLN05LPE/SRAM_Libs/dual_regfile/bin/linux/post_process.rdb
 Successfully generated liberty sram_dma_ffpg_sigcmin_0p825v_0p825v_m40c.lib_ccs_tn_sh5p1cm
curr_command=liberty liberty
curr_command=-flib -flib
curr_command=sram_dma sram_dma
curr_command=-corner -corner
curr_command=ffpg_sigcmin_0p90v_0p90v_125c ffpg_sigcmin_0p90v_0p90v_125c
curr_command=-ext -ext
curr_command=lib_ccs_tn_sh5p1cm lib_ccs_tn_sh5p1cm
curr_command=-fscale -fscale
curr_command=/work/PDK/SAMSUNGLN05LPE/SRAM_Libs/dual_regfile/bin/linux/post_process.rdb /work/PDK/SAMSUNGLN05LPE/SRAM_Libs/dual_regfile/bin/linux/post_process.rdb
 Successfully generated liberty sram_dma_ffpg_sigcmin_0p90v_0p90v_125c.lib_ccs_tn_sh5p1cm
curr_command=liberty liberty
curr_command=-flib -flib
curr_command=sram_dma sram_dma
curr_command=-corner -corner
curr_command=ffpg_sigcmin_0p90v_0p90v_m40c ffpg_sigcmin_0p90v_0p90v_m40c
curr_command=-ext -ext
curr_command=lib_ccs_tn_sh5p1cm lib_ccs_tn_sh5p1cm
curr_command=-fscale -fscale
curr_command=/work/PDK/SAMSUNGLN05LPE/SRAM_Libs/dual_regfile/bin/linux/post_process.rdb /work/PDK/SAMSUNGLN05LPE/SRAM_Libs/dual_regfile/bin/linux/post_process.rdb
 Successfully generated liberty sram_dma_ffpg_sigcmin_0p90v_0p90v_m40c.lib_ccs_tn_sh5p1cm
curr_command=liberty liberty
curr_command=-flib -flib
curr_command=sram_dma sram_dma
curr_command=-corner -corner
curr_command=ffpg_sigcmin_1p00v_1p00v_125c ffpg_sigcmin_1p00v_1p00v_125c
curr_command=-ext -ext
curr_command=lib_ccs_tn_sh5p1cm lib_ccs_tn_sh5p1cm
curr_command=-fscale -fscale
curr_command=/work/PDK/SAMSUNGLN05LPE/SRAM_Libs/dual_regfile/bin/linux/post_process.rdb /work/PDK/SAMSUNGLN05LPE/SRAM_Libs/dual_regfile/bin/linux/post_process.rdb
 Successfully generated liberty sram_dma_ffpg_sigcmin_1p00v_1p00v_125c.lib_ccs_tn_sh5p1cm
curr_command=liberty liberty
curr_command=-flib -flib
curr_command=sram_dma sram_dma
curr_command=-corner -corner
curr_command=ffpg_sigcmin_1p00v_1p00v_m40c ffpg_sigcmin_1p00v_1p00v_m40c
curr_command=-ext -ext
curr_command=lib_ccs_tn_sh5p1cm lib_ccs_tn_sh5p1cm
curr_command=-fscale -fscale
curr_command=/work/PDK/SAMSUNGLN05LPE/SRAM_Libs/dual_regfile/bin/linux/post_process.rdb /work/PDK/SAMSUNGLN05LPE/SRAM_Libs/dual_regfile/bin/linux/post_process.rdb
 Successfully generated liberty sram_dma_ffpg_sigcmin_1p00v_1p00v_m40c.lib_ccs_tn_sh5p1cm
curr_command=liberty liberty
curr_command=-flib -flib
curr_command=sram_dma sram_dma
curr_command=-corner -corner
curr_command=fsg_sigrcmax_0p675v_0p675v_m40c fsg_sigrcmax_0p675v_0p675v_m40c
curr_command=-ext -ext
curr_command=lib_ccs_tn_sh5p1cm lib_ccs_tn_sh5p1cm
curr_command=-fscale -fscale
curr_command=/work/PDK/SAMSUNGLN05LPE/SRAM_Libs/dual_regfile/bin/linux/post_process.rdb /work/PDK/SAMSUNGLN05LPE/SRAM_Libs/dual_regfile/bin/linux/post_process.rdb
 Successfully generated liberty sram_dma_fsg_sigrcmax_0p675v_0p675v_m40c.lib_ccs_tn_sh5p1cm
curr_command=liberty liberty
curr_command=-flib -flib
curr_command=sram_dma sram_dma
curr_command=-corner -corner
curr_command=fsg_sigrcmax_0p765v_0p765v_m40c fsg_sigrcmax_0p765v_0p765v_m40c
curr_command=-ext -ext
curr_command=lib_ccs_tn_sh5p1cm lib_ccs_tn_sh5p1cm
curr_command=-fscale -fscale
curr_command=/work/PDK/SAMSUNGLN05LPE/SRAM_Libs/dual_regfile/bin/linux/post_process.rdb /work/PDK/SAMSUNGLN05LPE/SRAM_Libs/dual_regfile/bin/linux/post_process.rdb
 Successfully generated liberty sram_dma_fsg_sigrcmax_0p765v_0p765v_m40c.lib_ccs_tn_sh5p1cm
curr_command=liberty liberty
curr_command=-flib -flib
curr_command=sram_dma sram_dma
curr_command=-corner -corner
curr_command=sfg_sigrcmax_0p675v_0p675v_m40c sfg_sigrcmax_0p675v_0p675v_m40c
curr_command=-ext -ext
curr_command=lib_ccs_tn_sh5p1cm lib_ccs_tn_sh5p1cm
curr_command=-fscale -fscale
curr_command=/work/PDK/SAMSUNGLN05LPE/SRAM_Libs/dual_regfile/bin/linux/post_process.rdb /work/PDK/SAMSUNGLN05LPE/SRAM_Libs/dual_regfile/bin/linux/post_process.rdb
 Successfully generated liberty sram_dma_sfg_sigrcmax_0p675v_0p675v_m40c.lib_ccs_tn_sh5p1cm
curr_command=liberty liberty
curr_command=-flib -flib
curr_command=sram_dma sram_dma
curr_command=-corner -corner
curr_command=sfg_sigrcmax_0p765v_0p765v_m40c sfg_sigrcmax_0p765v_0p765v_m40c
curr_command=-ext -ext
curr_command=lib_ccs_tn_sh5p1cm lib_ccs_tn_sh5p1cm
curr_command=-fscale -fscale
curr_command=/work/PDK/SAMSUNGLN05LPE/SRAM_Libs/dual_regfile/bin/linux/post_process.rdb /work/PDK/SAMSUNGLN05LPE/SRAM_Libs/dual_regfile/bin/linux/post_process.rdb
 Successfully generated liberty sram_dma_sfg_sigrcmax_0p765v_0p765v_m40c.lib_ccs_tn_sh5p1cm
curr_command=liberty liberty
curr_command=-flib -flib
curr_command=sram_dma sram_dma
curr_command=-corner -corner
curr_command=sspg_sigrcmax_0p675v_0p675v_125c sspg_sigrcmax_0p675v_0p675v_125c
curr_command=-ext -ext
curr_command=lib_ccs_tn_sh5p1cm lib_ccs_tn_sh5p1cm
curr_command=-fscale -fscale
curr_command=/work/PDK/SAMSUNGLN05LPE/SRAM_Libs/dual_regfile/bin/linux/post_process.rdb /work/PDK/SAMSUNGLN05LPE/SRAM_Libs/dual_regfile/bin/linux/post_process.rdb
 Successfully generated liberty sram_dma_sspg_sigrcmax_0p675v_0p675v_125c.lib_ccs_tn_sh5p1cm
curr_command=liberty liberty
curr_command=-flib -flib
curr_command=sram_dma sram_dma
curr_command=-corner -corner
curr_command=sspg_sigrcmax_0p675v_0p675v_m40c sspg_sigrcmax_0p675v_0p675v_m40c
curr_command=-ext -ext
curr_command=lib_ccs_tn_sh5p1cm lib_ccs_tn_sh5p1cm
curr_command=-fscale -fscale
curr_command=/work/PDK/SAMSUNGLN05LPE/SRAM_Libs/dual_regfile/bin/linux/post_process.rdb /work/PDK/SAMSUNGLN05LPE/SRAM_Libs/dual_regfile/bin/linux/post_process.rdb
 Successfully generated liberty sram_dma_sspg_sigrcmax_0p675v_0p675v_m40c.lib_ccs_tn_sh5p1cm
curr_command=liberty liberty
curr_command=-flib -flib
curr_command=sram_dma sram_dma
curr_command=-corner -corner
curr_command=sspg_sigrcmax_0p765v_0p765v_125c sspg_sigrcmax_0p765v_0p765v_125c
curr_command=-ext -ext
curr_command=lib_ccs_tn_sh5p1cm lib_ccs_tn_sh5p1cm
curr_command=-fscale -fscale
curr_command=/work/PDK/SAMSUNGLN05LPE/SRAM_Libs/dual_regfile/bin/linux/post_process.rdb /work/PDK/SAMSUNGLN05LPE/SRAM_Libs/dual_regfile/bin/linux/post_process.rdb
 Successfully generated liberty sram_dma_sspg_sigrcmax_0p765v_0p765v_125c.lib_ccs_tn_sh5p1cm
curr_command=liberty liberty
curr_command=-flib -flib
curr_command=sram_dma sram_dma
curr_command=-corner -corner
curr_command=sspg_sigrcmax_0p765v_0p765v_m40c sspg_sigrcmax_0p765v_0p765v_m40c
curr_command=-ext -ext
curr_command=lib_ccs_tn_sh5p1cm lib_ccs_tn_sh5p1cm
curr_command=-fscale -fscale
curr_command=/work/PDK/SAMSUNGLN05LPE/SRAM_Libs/dual_regfile/bin/linux/post_process.rdb /work/PDK/SAMSUNGLN05LPE/SRAM_Libs/dual_regfile/bin/linux/post_process.rdb
 Successfully generated liberty sram_dma_sspg_sigrcmax_0p765v_0p765v_m40c.lib_ccs_tn_sh5p1cm
curr_command=liberty liberty
curr_command=-flib -flib
curr_command=sram_dma sram_dma
curr_command=-corner -corner
curr_command=sspg_sigrcmax_0p855v_0p855v_125c sspg_sigrcmax_0p855v_0p855v_125c
curr_command=-ext -ext
curr_command=lib_ccs_tn_sh5p1cm lib_ccs_tn_sh5p1cm
curr_command=-fscale -fscale
curr_command=/work/PDK/SAMSUNGLN05LPE/SRAM_Libs/dual_regfile/bin/linux/post_process.rdb /work/PDK/SAMSUNGLN05LPE/SRAM_Libs/dual_regfile/bin/linux/post_process.rdb
 Successfully generated liberty sram_dma_sspg_sigrcmax_0p855v_0p855v_125c.lib_ccs_tn_sh5p1cm
curr_command=liberty liberty
curr_command=-flib -flib
curr_command=sram_dma sram_dma
curr_command=-corner -corner
curr_command=sspg_sigrcmax_0p855v_0p855v_m40c sspg_sigrcmax_0p855v_0p855v_m40c
curr_command=-ext -ext
curr_command=lib_ccs_tn_sh5p1cm lib_ccs_tn_sh5p1cm
curr_command=-fscale -fscale
curr_command=/work/PDK/SAMSUNGLN05LPE/SRAM_Libs/dual_regfile/bin/linux/post_process.rdb /work/PDK/SAMSUNGLN05LPE/SRAM_Libs/dual_regfile/bin/linux/post_process.rdb
 Successfully generated liberty sram_dma_sspg_sigrcmax_0p855v_0p855v_m40c.lib_ccs_tn_sh5p1cm
curr_command=liberty liberty
curr_command=-flib -flib
curr_command=sram_dma sram_dma
curr_command=-corner -corner
curr_command=tt_nominal_0p75v_0p75v_125c tt_nominal_0p75v_0p75v_125c
curr_command=-ext -ext
curr_command=lib_ccs_tn_sh5p1cm lib_ccs_tn_sh5p1cm
curr_command=-fscale -fscale
curr_command=/work/PDK/SAMSUNGLN05LPE/SRAM_Libs/dual_regfile/bin/linux/post_process.rdb /work/PDK/SAMSUNGLN05LPE/SRAM_Libs/dual_regfile/bin/linux/post_process.rdb
curr_command=liberty liberty
curr_command=-flib -flib
curr_command=sram_dma sram_dma
curr_command=-corner -corner
curr_command=tt_nominal_0p75v_0p75v_25c tt_nominal_0p75v_0p75v_25c
curr_command=-ext -ext
curr_command=lib_ccs_tn_sh5p1cm lib_ccs_tn_sh5p1cm
curr_command=-fscale -fscale
curr_command=/work/PDK/SAMSUNGLN05LPE/SRAM_Libs/dual_regfile/bin/linux/post_process.rdb /work/PDK/SAMSUNGLN05LPE/SRAM_Libs/dual_regfile/bin/linux/post_process.rdb
curr_command=liberty liberty
curr_command=-flib -flib
curr_command=sram_dma sram_dma
curr_command=-corner -corner
curr_command=tt_nominal_0p75v_0p75v_85c tt_nominal_0p75v_0p75v_85c
curr_command=-ext -ext
curr_command=lib_ccs_tn_sh5p1cm lib_ccs_tn_sh5p1cm
curr_command=-fscale -fscale
curr_command=/work/PDK/SAMSUNGLN05LPE/SRAM_Libs/dual_regfile/bin/linux/post_process.rdb /work/PDK/SAMSUNGLN05LPE/SRAM_Libs/dual_regfile/bin/linux/post_process.rdb
curr_command=liberty liberty
curr_command=-flib -flib
curr_command=sram_dma sram_dma
curr_command=-corner -corner
curr_command=tt_nominal_0p85v_0p85v_125c tt_nominal_0p85v_0p85v_125c
curr_command=-ext -ext
curr_command=lib_ccs_tn_sh5p1cm lib_ccs_tn_sh5p1cm
curr_command=-fscale -fscale
curr_command=/work/PDK/SAMSUNGLN05LPE/SRAM_Libs/dual_regfile/bin/linux/post_process.rdb /work/PDK/SAMSUNGLN05LPE/SRAM_Libs/dual_regfile/bin/linux/post_process.rdb
curr_command=liberty liberty
curr_command=-flib -flib
curr_command=sram_dma sram_dma
curr_command=-corner -corner
curr_command=tt_nominal_0p85v_0p85v_85c tt_nominal_0p85v_0p85v_85c
curr_command=-ext -ext
curr_command=lib_ccs_tn_sh5p1cm lib_ccs_tn_sh5p1cm
curr_command=-fscale -fscale
curr_command=/work/PDK/SAMSUNGLN05LPE/SRAM_Libs/dual_regfile/bin/linux/post_process.rdb /work/PDK/SAMSUNGLN05LPE/SRAM_Libs/dual_regfile/bin/linux/post_process.rdb
curr_command=liberty liberty
curr_command=-flib -flib
curr_command=sram_dma sram_dma
curr_command=-corner -corner
curr_command=tt_nominal_0p95v_0p95v_125c tt_nominal_0p95v_0p95v_125c
curr_command=-ext -ext
curr_command=lib_ccs_tn_sh5p1cm lib_ccs_tn_sh5p1cm
curr_command=-fscale -fscale
curr_command=/work/PDK/SAMSUNGLN05LPE/SRAM_Libs/dual_regfile/bin/linux/post_process.rdb /work/PDK/SAMSUNGLN05LPE/SRAM_Libs/dual_regfile/bin/linux/post_process.rdb
curr_command=liberty liberty
curr_command=-flib -flib
curr_command=sram_dma sram_dma
curr_command=-corner -corner
curr_command=tt_nominal_0p95v_0p95v_85c tt_nominal_0p95v_0p95v_85c
curr_command=-ext -ext
curr_command=lib_ccs_tn_sh5p1cm lib_ccs_tn_sh5p1cm
curr_command=-fscale -fscale
curr_command=/work/PDK/SAMSUNGLN05LPE/SRAM_Libs/dual_regfile/bin/linux/post_process.rdb /work/PDK/SAMSUNGLN05LPE/SRAM_Libs/dual_regfile/bin/linux/post_process.rdb
liberty generator succeeded, created:
   sram_dma_ffpg_sigcmin_0p825v_0p825v_125c.lib_ccs_tn
   sram_dma_ffpg_sigcmin_0p825v_0p825v_m40c.lib_ccs_tn
   sram_dma_ffpg_sigcmin_0p90v_0p90v_125c.lib_ccs_tn
   sram_dma_ffpg_sigcmin_0p90v_0p90v_m40c.lib_ccs_tn
   sram_dma_ffpg_sigcmin_1p00v_1p00v_125c.lib_ccs_tn
   sram_dma_ffpg_sigcmin_1p00v_1p00v_m40c.lib_ccs_tn
   sram_dma_fsg_sigrcmax_0p675v_0p675v_m40c.lib_ccs_tn
   sram_dma_fsg_sigrcmax_0p765v_0p765v_m40c.lib_ccs_tn
   sram_dma_sfg_sigrcmax_0p675v_0p675v_m40c.lib_ccs_tn
   sram_dma_sfg_sigrcmax_0p765v_0p765v_m40c.lib_ccs_tn
   sram_dma_sspg_sigrcmax_0p675v_0p675v_125c.lib_ccs_tn
   sram_dma_sspg_sigrcmax_0p675v_0p675v_m40c.lib_ccs_tn
   sram_dma_sspg_sigrcmax_0p765v_0p765v_125c.lib_ccs_tn
   sram_dma_sspg_sigrcmax_0p765v_0p765v_m40c.lib_ccs_tn
   sram_dma_sspg_sigrcmax_0p855v_0p855v_125c.lib_ccs_tn
   sram_dma_sspg_sigrcmax_0p855v_0p855v_m40c.lib_ccs_tn
   sram_dma_tt_nominal_0p75v_0p75v_125c.lib_ccs_tn
   sram_dma_tt_nominal_0p75v_0p75v_25c.lib_ccs_tn
   sram_dma_tt_nominal_0p75v_0p75v_85c.lib_ccs_tn
   sram_dma_tt_nominal_0p85v_0p85v_125c.lib_ccs_tn
   sram_dma_tt_nominal_0p85v_0p85v_85c.lib_ccs_tn
   sram_dma_tt_nominal_0p95v_0p95v_125c.lib_ccs_tn
   sram_dma_tt_nominal_0p95v_0p95v_85c.lib_ccs_tn
   sram_dma_ffpg_sigcmin_0p825v_0p825v_125c.lib_ccs_tn_sh5p1cm
   sram_dma_ffpg_sigcmin_0p825v_0p825v_m40c.lib_ccs_tn_sh5p1cm
   sram_dma_ffpg_sigcmin_0p90v_0p90v_125c.lib_ccs_tn_sh5p1cm
   sram_dma_ffpg_sigcmin_0p90v_0p90v_m40c.lib_ccs_tn_sh5p1cm
   sram_dma_ffpg_sigcmin_1p00v_1p00v_125c.lib_ccs_tn_sh5p1cm
   sram_dma_ffpg_sigcmin_1p00v_1p00v_m40c.lib_ccs_tn_sh5p1cm
   sram_dma_fsg_sigrcmax_0p675v_0p675v_m40c.lib_ccs_tn_sh5p1cm
   sram_dma_fsg_sigrcmax_0p765v_0p765v_m40c.lib_ccs_tn_sh5p1cm
   sram_dma_sfg_sigrcmax_0p675v_0p675v_m40c.lib_ccs_tn_sh5p1cm
   sram_dma_sfg_sigrcmax_0p765v_0p765v_m40c.lib_ccs_tn_sh5p1cm
   sram_dma_sspg_sigrcmax_0p675v_0p675v_125c.lib_ccs_tn_sh5p1cm
   sram_dma_sspg_sigrcmax_0p675v_0p675v_m40c.lib_ccs_tn_sh5p1cm
   sram_dma_sspg_sigrcmax_0p765v_0p765v_125c.lib_ccs_tn_sh5p1cm
   sram_dma_sspg_sigrcmax_0p765v_0p765v_m40c.lib_ccs_tn_sh5p1cm
   sram_dma_sspg_sigrcmax_0p855v_0p855v_125c.lib_ccs_tn_sh5p1cm
   sram_dma_sspg_sigrcmax_0p855v_0p855v_m40c.lib_ccs_tn_sh5p1cm
ARM Inc.
CentOS Linux release 7.9.2009 (Core)
Linux mun 6.12.90 #1-NixOS SMP PREEMPT_DYNAMIC Sun May 17 15:14:35 UTC 2026 x86_64 x86_64 x86_64 GNU/Linux
Compiler version r2p0
GUI version 8.5.23-EAC


CONFIDENTIAL AND PROPRIETARY SOFTWARE OF ARM INC.

Copyright (c) 1993 - 2026 ARM Inc.  All Rights Reserved.

Use of this Software is subject to the terms and conditions of the
applicable license agreement with ARM Inc.
In addition, this Software is protected by patents, copyright law
and international treaties.

The copyright notice(s) in this Software does not indicate actual or
intended publication of this Software.


High Speed Two Port Register File SVT MVT Compiler, LN05LPE Process 0.053um^2 (TPL053) Bit Cell
Launching Liberty Model generator...
INFO: SER bits: 0
^[[B^[[B^[[B^[[Bcurr_command=liberty liberty
curr_command=-flib -flib
curr_command=sram_dma sram_dma
curr_command=-corner -corner
curr_command=ffpg_sigcmin_0p825v_0p825v_125c ffpg_sigcmin_0p825v_0p825v_125c
curr_command=-ext -ext
curr_command=lib_ccs_tnv lib_ccs_tnv
curr_command=-fscale -fscale
curr_command=/work/PDK/SAMSUNGLN05LPE/SRAM_Libs/dual_regfile/bin/linux/post_process.rdb /work/PDK/SAMSUNGLN05LPE/SRAM_Libs/dual_regfile/bin/linux/post_process.rdb
 Successfully generated liberty sram_dma_ffpg_sigcmin_0p825v_0p825v_125c.lib_ccs_tnv
curr_command=liberty liberty
curr_command=-flib -flib
curr_command=sram_dma sram_dma
curr_command=-corner -corner
curr_command=ffpg_sigcmin_0p825v_0p825v_m40c ffpg_sigcmin_0p825v_0p825v_m40c
curr_command=-ext -ext
curr_command=lib_ccs_tnv lib_ccs_tnv
curr_command=-fscale -fscale
curr_command=/work/PDK/SAMSUNGLN05LPE/SRAM_Libs/dual_regfile/bin/linux/post_process.rdb /work/PDK/SAMSUNGLN05LPE/SRAM_Libs/dual_regfile/bin/linux/post_process.rdb
 Successfully generated liberty sram_dma_ffpg_sigcmin_0p825v_0p825v_m40c.lib_ccs_tnv
curr_command=liberty liberty
curr_command=-flib -flib
curr_command=sram_dma sram_dma
curr_command=-corner -corner
curr_command=ffpg_sigcmin_0p90v_0p90v_125c ffpg_sigcmin_0p90v_0p90v_125c
curr_command=-ext -ext
curr_command=lib_ccs_tnv lib_ccs_tnv
curr_command=-fscale -fscale
curr_command=/work/PDK/SAMSUNGLN05LPE/SRAM_Libs/dual_regfile/bin/linux/post_process.rdb /work/PDK/SAMSUNGLN05LPE/SRAM_Libs/dual_regfile/bin/linux/post_process.rdb
 Successfully generated liberty sram_dma_ffpg_sigcmin_0p90v_0p90v_125c.lib_ccs_tnv
curr_command=liberty liberty
curr_command=-flib -flib
curr_command=sram_dma sram_dma
curr_command=-corner -corner
curr_command=ffpg_sigcmin_0p90v_0p90v_m40c ffpg_sigcmin_0p90v_0p90v_m40c
curr_command=-ext -ext
curr_command=lib_ccs_tnv lib_ccs_tnv
curr_command=-fscale -fscale
curr_command=/work/PDK/SAMSUNGLN05LPE/SRAM_Libs/dual_regfile/bin/linux/post_process.rdb /work/PDK/SAMSUNGLN05LPE/SRAM_Libs/dual_regfile/bin/linux/post_process.rdb
 Successfully generated liberty sram_dma_ffpg_sigcmin_0p90v_0p90v_m40c.lib_ccs_tnv
curr_command=liberty liberty
curr_command=-flib -flib
curr_command=sram_dma sram_dma
curr_command=-corner -corner
curr_command=ffpg_sigcmin_1p00v_1p00v_125c ffpg_sigcmin_1p00v_1p00v_125c
curr_command=-ext -ext
curr_command=lib_ccs_tnv lib_ccs_tnv
curr_command=-fscale -fscale
curr_command=/work/PDK/SAMSUNGLN05LPE/SRAM_Libs/dual_regfile/bin/linux/post_process.rdb /work/PDK/SAMSUNGLN05LPE/SRAM_Libs/dual_regfile/bin/linux/post_process.rdb
 Successfully generated liberty sram_dma_ffpg_sigcmin_1p00v_1p00v_125c.lib_ccs_tnv
curr_command=liberty liberty
curr_command=-flib -flib
curr_command=sram_dma sram_dma
curr_command=-corner -corner
curr_command=ffpg_sigcmin_1p00v_1p00v_m40c ffpg_sigcmin_1p00v_1p00v_m40c
curr_command=-ext -ext
curr_command=lib_ccs_tnv lib_ccs_tnv
curr_command=-fscale -fscale
curr_command=/work/PDK/SAMSUNGLN05LPE/SRAM_Libs/dual_regfile/bin/linux/post_process.rdb /work/PDK/SAMSUNGLN05LPE/SRAM_Libs/dual_regfile/bin/linux/post_process.rdb
 Successfully generated liberty sram_dma_ffpg_sigcmin_1p00v_1p00v_m40c.lib_ccs_tnv
curr_command=liberty liberty
curr_command=-flib -flib
curr_command=sram_dma sram_dma
curr_command=-corner -corner
curr_command=fsg_sigrcmax_0p675v_0p675v_m40c fsg_sigrcmax_0p675v_0p675v_m40c
curr_command=-ext -ext
curr_command=lib_ccs_tnv lib_ccs_tnv
curr_command=-fscale -fscale
curr_command=/work/PDK/SAMSUNGLN05LPE/SRAM_Libs/dual_regfile/bin/linux/post_process.rdb /work/PDK/SAMSUNGLN05LPE/SRAM_Libs/dual_regfile/bin/linux/post_process.rdb
 Successfully generated liberty sram_dma_fsg_sigrcmax_0p675v_0p675v_m40c.lib_ccs_tnv
curr_command=liberty liberty
curr_command=-flib -flib
curr_command=sram_dma sram_dma
curr_command=-corner -corner
curr_command=fsg_sigrcmax_0p765v_0p765v_m40c fsg_sigrcmax_0p765v_0p765v_m40c
curr_command=-ext -ext
curr_command=lib_ccs_tnv lib_ccs_tnv
curr_command=-fscale -fscale
curr_command=/work/PDK/SAMSUNGLN05LPE/SRAM_Libs/dual_regfile/bin/linux/post_process.rdb /work/PDK/SAMSUNGLN05LPE/SRAM_Libs/dual_regfile/bin/linux/post_process.rdb
 Successfully generated liberty sram_dma_fsg_sigrcmax_0p765v_0p765v_m40c.lib_ccs_tnv
curr_command=liberty liberty
curr_command=-flib -flib
curr_command=sram_dma sram_dma
curr_command=-corner -corner
curr_command=sfg_sigrcmax_0p675v_0p675v_m40c sfg_sigrcmax_0p675v_0p675v_m40c
curr_command=-ext -ext
curr_command=lib_ccs_tnv lib_ccs_tnv
curr_command=-fscale -fscale
curr_command=/work/PDK/SAMSUNGLN05LPE/SRAM_Libs/dual_regfile/bin/linux/post_process.rdb /work/PDK/SAMSUNGLN05LPE/SRAM_Libs/dual_regfile/bin/linux/post_process.rdb
 Successfully generated liberty sram_dma_sfg_sigrcmax_0p675v_0p675v_m40c.lib_ccs_tnv
curr_command=liberty liberty
curr_command=-flib -flib
curr_command=sram_dma sram_dma
curr_command=-corner -corner
curr_command=sfg_sigrcmax_0p765v_0p765v_m40c sfg_sigrcmax_0p765v_0p765v_m40c
curr_command=-ext -ext
curr_command=lib_ccs_tnv lib_ccs_tnv
curr_command=-fscale -fscale
curr_command=/work/PDK/SAMSUNGLN05LPE/SRAM_Libs/dual_regfile/bin/linux/post_process.rdb /work/PDK/SAMSUNGLN05LPE/SRAM_Libs/dual_regfile/bin/linux/post_process.rdb
 Successfully generated liberty sram_dma_sfg_sigrcmax_0p765v_0p765v_m40c.lib_ccs_tnv
curr_command=liberty liberty
curr_command=-flib -flib
curr_command=sram_dma sram_dma
curr_command=-corner -corner
curr_command=sspg_sigrcmax_0p675v_0p675v_125c sspg_sigrcmax_0p675v_0p675v_125c
curr_command=-ext -ext
curr_command=lib_ccs_tnv lib_ccs_tnv
curr_command=-fscale -fscale
curr_command=/work/PDK/SAMSUNGLN05LPE/SRAM_Libs/dual_regfile/bin/linux/post_process.rdb /work/PDK/SAMSUNGLN05LPE/SRAM_Libs/dual_regfile/bin/linux/post_process.rdb
 Successfully generated liberty sram_dma_sspg_sigrcmax_0p675v_0p675v_125c.lib_ccs_tnv
curr_command=liberty liberty
curr_command=-flib -flib
curr_command=sram_dma sram_dma
curr_command=-corner -corner
curr_command=sspg_sigrcmax_0p675v_0p675v_m40c sspg_sigrcmax_0p675v_0p675v_m40c
curr_command=-ext -ext
curr_command=lib_ccs_tnv lib_ccs_tnv
curr_command=-fscale -fscale
curr_command=/work/PDK/SAMSUNGLN05LPE/SRAM_Libs/dual_regfile/bin/linux/post_process.rdb /work/PDK/SAMSUNGLN05LPE/SRAM_Libs/dual_regfile/bin/linux/post_process.rdb
 Successfully generated liberty sram_dma_sspg_sigrcmax_0p675v_0p675v_m40c.lib_ccs_tnv
curr_command=liberty liberty
curr_command=-flib -flib
curr_command=sram_dma sram_dma
curr_command=-corner -corner
curr_command=sspg_sigrcmax_0p765v_0p765v_125c sspg_sigrcmax_0p765v_0p765v_125c
curr_command=-ext -ext
curr_command=lib_ccs_tnv lib_ccs_tnv
curr_command=-fscale -fscale
curr_command=/work/PDK/SAMSUNGLN05LPE/SRAM_Libs/dual_regfile/bin/linux/post_process.rdb /work/PDK/SAMSUNGLN05LPE/SRAM_Libs/dual_regfile/bin/linux/post_process.rdb
 Successfully generated liberty sram_dma_sspg_sigrcmax_0p765v_0p765v_125c.lib_ccs_tnv
curr_command=liberty liberty
curr_command=-flib -flib
curr_command=sram_dma sram_dma
curr_command=-corner -corner
curr_command=sspg_sigrcmax_0p765v_0p765v_m40c sspg_sigrcmax_0p765v_0p765v_m40c
curr_command=-ext -ext
curr_command=lib_ccs_tnv lib_ccs_tnv
curr_command=-fscale -fscale
curr_command=/work/PDK/SAMSUNGLN05LPE/SRAM_Libs/dual_regfile/bin/linux/post_process.rdb /work/PDK/SAMSUNGLN05LPE/SRAM_Libs/dual_regfile/bin/linux/post_process.rdb
 Successfully generated liberty sram_dma_sspg_sigrcmax_0p765v_0p765v_m40c.lib_ccs_tnv
curr_command=liberty liberty
curr_command=-flib -flib
curr_command=sram_dma sram_dma
curr_command=-corner -corner
curr_command=sspg_sigrcmax_0p855v_0p855v_125c sspg_sigrcmax_0p855v_0p855v_125c
curr_command=-ext -ext
curr_command=lib_ccs_tnv lib_ccs_tnv
curr_command=-fscale -fscale
curr_command=/work/PDK/SAMSUNGLN05LPE/SRAM_Libs/dual_regfile/bin/linux/post_process.rdb /work/PDK/SAMSUNGLN05LPE/SRAM_Libs/dual_regfile/bin/linux/post_process.rdb
 Successfully generated liberty sram_dma_sspg_sigrcmax_0p855v_0p855v_125c.lib_ccs_tnv
curr_command=liberty liberty
curr_command=-flib -flib
curr_command=sram_dma sram_dma
curr_command=-corner -corner
curr_command=sspg_sigrcmax_0p855v_0p855v_m40c sspg_sigrcmax_0p855v_0p855v_m40c
curr_command=-ext -ext
curr_command=lib_ccs_tnv lib_ccs_tnv
curr_command=-fscale -fscale
curr_command=/work/PDK/SAMSUNGLN05LPE/SRAM_Libs/dual_regfile/bin/linux/post_process.rdb /work/PDK/SAMSUNGLN05LPE/SRAM_Libs/dual_regfile/bin/linux/post_process.rdb
 Successfully generated liberty sram_dma_sspg_sigrcmax_0p855v_0p855v_m40c.lib_ccs_tnv
curr_command=liberty liberty
curr_command=-flib -flib
curr_command=sram_dma sram_dma
curr_command=-corner -corner
curr_command=tt_nominal_0p75v_0p75v_125c tt_nominal_0p75v_0p75v_125c
curr_command=-ext -ext
curr_command=lib_ccs_tnv lib_ccs_tnv
curr_command=-fscale -fscale
curr_command=/work/PDK/SAMSUNGLN05LPE/SRAM_Libs/dual_regfile/bin/linux/post_process.rdb /work/PDK/SAMSUNGLN05LPE/SRAM_Libs/dual_regfile/bin/linux/post_process.rdb
 Successfully generated liberty sram_dma_tt_nominal_0p75v_0p75v_125c.lib_ccs_tnv
curr_command=liberty liberty
curr_command=-flib -flib
curr_command=sram_dma sram_dma
curr_command=-corner -corner
curr_command=tt_nominal_0p75v_0p75v_25c tt_nominal_0p75v_0p75v_25c
curr_command=-ext -ext
curr_command=lib_ccs_tnv lib_ccs_tnv
curr_command=-fscale -fscale
curr_command=/work/PDK/SAMSUNGLN05LPE/SRAM_Libs/dual_regfile/bin/linux/post_process.rdb /work/PDK/SAMSUNGLN05LPE/SRAM_Libs/dual_regfile/bin/linux/post_process.rdb
 Successfully generated liberty sram_dma_tt_nominal_0p75v_0p75v_25c.lib_ccs_tnv
curr_command=liberty liberty
curr_command=-flib -flib
curr_command=sram_dma sram_dma
curr_command=-corner -corner
curr_command=tt_nominal_0p75v_0p75v_85c tt_nominal_0p75v_0p75v_85c
curr_command=-ext -ext
curr_command=lib_ccs_tnv lib_ccs_tnv
curr_command=-fscale -fscale
curr_command=/work/PDK/SAMSUNGLN05LPE/SRAM_Libs/dual_regfile/bin/linux/post_process.rdb /work/PDK/SAMSUNGLN05LPE/SRAM_Libs/dual_regfile/bin/linux/post_process.rdb
 Successfully generated liberty sram_dma_tt_nominal_0p75v_0p75v_85c.lib_ccs_tnv
curr_command=liberty liberty
curr_command=-flib -flib
curr_command=sram_dma sram_dma
curr_command=-corner -corner
curr_command=tt_nominal_0p85v_0p85v_125c tt_nominal_0p85v_0p85v_125c
curr_command=-ext -ext
curr_command=lib_ccs_tnv lib_ccs_tnv
curr_command=-fscale -fscale
curr_command=/work/PDK/SAMSUNGLN05LPE/SRAM_Libs/dual_regfile/bin/linux/post_process.rdb /work/PDK/SAMSUNGLN05LPE/SRAM_Libs/dual_regfile/bin/linux/post_process.rdb
 Successfully generated liberty sram_dma_tt_nominal_0p85v_0p85v_125c.lib_ccs_tnv
curr_command=liberty liberty
curr_command=-flib -flib
curr_command=sram_dma sram_dma
curr_command=-corner -corner
curr_command=tt_nominal_0p85v_0p85v_85c tt_nominal_0p85v_0p85v_85c
curr_command=-ext -ext
curr_command=lib_ccs_tnv lib_ccs_tnv
curr_command=-fscale -fscale
curr_command=/work/PDK/SAMSUNGLN05LPE/SRAM_Libs/dual_regfile/bin/linux/post_process.rdb /work/PDK/SAMSUNGLN05LPE/SRAM_Libs/dual_regfile/bin/linux/post_process.rdb
 Successfully generated liberty sram_dma_tt_nominal_0p85v_0p85v_85c.lib_ccs_tnv
curr_command=liberty liberty
curr_command=-flib -flib
curr_command=sram_dma sram_dma
curr_command=-corner -corner
curr_command=tt_nominal_0p95v_0p95v_125c tt_nominal_0p95v_0p95v_125c
curr_command=-ext -ext
curr_command=lib_ccs_tnv lib_ccs_tnv
curr_command=-fscale -fscale
curr_command=/work/PDK/SAMSUNGLN05LPE/SRAM_Libs/dual_regfile/bin/linux/post_process.rdb /work/PDK/SAMSUNGLN05LPE/SRAM_Libs/dual_regfile/bin/linux/post_process.rdb
 Successfully generated liberty sram_dma_tt_nominal_0p95v_0p95v_125c.lib_ccs_tnv
curr_command=liberty liberty
curr_command=-flib -flib
curr_command=sram_dma sram_dma
curr_command=-corner -corner
curr_command=tt_nominal_0p95v_0p95v_85c tt_nominal_0p95v_0p95v_85c
curr_command=-ext -ext
curr_command=lib_ccs_tnv lib_ccs_tnv
curr_command=-fscale -fscale
curr_command=/work/PDK/SAMSUNGLN05LPE/SRAM_Libs/dual_regfile/bin/linux/post_process.rdb /work/PDK/SAMSUNGLN05LPE/SRAM_Libs/dual_regfile/bin/linux/post_process.rdb
 Successfully generated liberty sram_dma_tt_nominal_0p95v_0p95v_85c.lib_ccs_tnv
liberty generator succeeded, created:
   sram_dma_ffpg_sigcmin_0p825v_0p825v_125c.lib_ccs_tnv
   sram_dma_ffpg_sigcmin_0p825v_0p825v_m40c.lib_ccs_tnv
   sram_dma_ffpg_sigcmin_0p90v_0p90v_125c.lib_ccs_tnv
   sram_dma_ffpg_sigcmin_0p90v_0p90v_m40c.lib_ccs_tnv
   sram_dma_ffpg_sigcmin_1p00v_1p00v_125c.lib_ccs_tnv
   sram_dma_ffpg_sigcmin_1p00v_1p00v_m40c.lib_ccs_tnv
   sram_dma_fsg_sigrcmax_0p675v_0p675v_m40c.lib_ccs_tnv
   sram_dma_fsg_sigrcmax_0p765v_0p765v_m40c.lib_ccs_tnv
   sram_dma_sfg_sigrcmax_0p675v_0p675v_m40c.lib_ccs_tnv
   sram_dma_sfg_sigrcmax_0p765v_0p765v_m40c.lib_ccs_tnv
   sram_dma_sspg_sigrcmax_0p675v_0p675v_125c.lib_ccs_tnv
   sram_dma_sspg_sigrcmax_0p675v_0p675v_m40c.lib_ccs_tnv
   sram_dma_sspg_sigrcmax_0p765v_0p765v_125c.lib_ccs_tnv
   sram_dma_sspg_sigrcmax_0p765v_0p765v_m40c.lib_ccs_tnv
   sram_dma_sspg_sigrcmax_0p855v_0p855v_125c.lib_ccs_tnv
   sram_dma_sspg_sigrcmax_0p855v_0p855v_m40c.lib_ccs_tnv
   sram_dma_tt_nominal_0p75v_0p75v_125c.lib_ccs_tnv
   sram_dma_tt_nominal_0p75v_0p75v_25c.lib_ccs_tnv
   sram_dma_tt_nominal_0p75v_0p75v_85c.lib_ccs_tnv
   sram_dma_tt_nominal_0p85v_0p85v_125c.lib_ccs_tnv
   sram_dma_tt_nominal_0p85v_0p85v_85c.lib_ccs_tnv
   sram_dma_tt_nominal_0p95v_0p95v_125c.lib_ccs_tnv
   sram_dma_tt_nominal_0p95v_0p95v_85c.lib_ccs_tnv


SRAMS GENERATION TIME: 12060.72 seconds


gcc -std=c99 -shared -fPIC -DSIM -I ../ -I /home/cadence/.local/lib/python3.11/site-packages/deepsocflow/c/ -I /home/cadence/.local/lib/python3.11/site-packages/deepsocflow/firebridge/ -o
cgra4ml_firebridge_dpic.so /home/cadence/.local/lib/python3.11/site-packages/deepsocflow/c/sim.c


SIMULATING...


xrun -sv -64bit -access +rwc -define XCELIUM -define INITIALIZE_MEMORY -define ARM_UD_MODEL -warn_multiple_driver +incdir+../ +incdir+/home/cadence/.local/lib/python3.11/site-packages/deep
socflow/rtl/ -top top_tb /work/cgra4ml/run/work/config_hw.svh /home/cadence/.local/lib/python3.11/site-packages/deepsocflow/rtl/defines.svh /home/cadence/.local/lib/python3.11/site-package
s/deepsocflow/rtl/ext/alex_axi_dma_rd.sv /home/cadence/.local/lib/python3.11/site-packages/deepsocflow/rtl/ext/alex_axi_dma_wr.sv /home/cadence/.local/lib/python3.11/site-packages/deepsocf
low/rtl/ext/alex_axilite_ram.sv /home/cadence/.local/lib/python3.11/site-packages/deepsocflow/rtl/ext/alex_axilite_rd.sv /home/cadence/.local/lib/python3.11/site-packages/deepsocflow/rtl/e
xt/alex_axilite_wr.sv /home/cadence/.local/lib/python3.11/site-packages/deepsocflow/rtl/ext/alex_axis_adapter_any.sv /home/cadence/.local/lib/python3.11/site-packages/deepsocflow/rtl/ext/a
lex_axis_adapter.sv /home/cadence/.local/lib/python3.11/site-packages/deepsocflow/rtl/counter.sv /home/cadence/.local/lib/python3.11/site-packages/deepsocflow/rtl/n_delay.sv /home/cadence/
.local/lib/python3.11/site-packages/deepsocflow/rtl/axis_pixels.sv /home/cadence/.local/lib/python3.11/site-packages/deepsocflow/rtl/proc_engine.sv /home/cadence/.local/lib/python3.11/site
-packages/deepsocflow/rtl/skid_buffer.sv /home/cadence/.local/lib/python3.11/site-packages/deepsocflow/rtl/dma_controller.sv /home/cadence/.local/lib/python3.11/site-packages/deepsocflow/r
tl/axis_weight_rotator.sv /home/cadence/.local/lib/python3.11/site-packages/deepsocflow/rtl/cyclic_bram.sv /home/cadence/.local/lib/python3.11/site-packages/deepsocflow/rtl/ext/alex_axis_p
ipeline_register.v /home/cadence/.local/lib/python3.11/site-packages/deepsocflow/rtl/ext/alex_axis_register.v /home/cadence/.local/lib/python3.11/site-packages/deepsocflow/rtl/dnn_engine.v
 /home/cadence/.local/lib/python3.11/site-packages/deepsocflow/rtl/axi_cgra4ml.v /home/cadence/.local/lib/python3.11/site-packages/deepsocflow/rtl/ext/xilinx_spwf.v /home/cadence/.local/li
b/python3.11/site-packages/deepsocflow/rtl/ext/dual_port_sram.sv /home/cadence/.local/lib/python3.11/site-packages/deepsocflow/rtl/ext/ram_read_wider.sv /home/cadence/.local/lib/python3.11
/site-packages/deepsocflow/rtl/ram.sv /home/cadence/.local/lib/python3.11/site-packages/deepsocflow/firebridge/fb_axi_vip.sv /home/cadence/.local/lib/python3.11/site-packages/deepsocflow/t
est/sv/ext/zipcpu_axi2ram.v /home/cadence/.local/lib/python3.11/site-packages/deepsocflow/test/sv/ext/skidbuffer.v /home/cadence/.local/lib/python3.11/site-packages/deepsocflow/test/sv/ext
/axi_addr.v /home/cadence/.local/lib/python3.11/site-packages/deepsocflow/test/sv/top_tb.sv -sv_lib cgra4ml_firebridge_dpic.so -l XRUN_COMP_SIM.log
TOOL:	xrun(64)	24.03-s009: Started on Jun 08, 2026 at 06:50:08 UTC
xrun(64): 24.03-s009: (c) Copyright 1995-2024 Cadence Design Systems, Inc.
DEFINE std       ./STD
|
xrun: *W,DLCPTH (/tools/cadence/XCELIUM2403/tools/inca/files/cdsvhdl.lib,1): cds.lib Invalid path '/tools/cadence/XCELIUM2403/tools/inca/files/STD' (cds.lib command ignored).
DEFINE synopsys  ./SYNOPSYS
|
xrun: *W,DLCPTH (/tools/cadence/XCELIUM2403/tools/inca/files/cdsvhdl.lib,2): cds.lib Invalid path '/tools/cadence/XCELIUM2403/tools/inca/files/SYNOPSYS' (cds.lib command ignored).
DEFINE ieee      ./IEEE
|
xrun: *W,DLCPTH (/tools/cadence/XCELIUM2403/tools/inca/files/cdsvhdl.lib,3): cds.lib Invalid path '/tools/cadence/XCELIUM2403/tools/inca/files/IEEE' (cds.lib command ignored).
DEFINE ambit     ./AMBIT
|
xrun: *W,DLCPTH (/tools/cadence/XCELIUM2403/tools/inca/files/cdsvhdl.lib,4): cds.lib Invalid path '/tools/cadence/XCELIUM2403/tools/inca/files/AMBIT' (cds.lib command ignored).
DEFINE vital_memory ./VITAL_MEMORY
|
xrun: *W,DLCPTH (/tools/cadence/XCELIUM2403/tools/inca/files/cdsvhdl.lib,5): cds.lib Invalid path '/tools/cadence/XCELIUM2403/tools/inca/files/VITAL_MEMORY' (cds.lib command ignored).
DEFINE ncutils ./NCUTILS
|
xrun: *W,DLCPTH (/tools/cadence/XCELIUM2403/tools/inca/files/cdsvhdl.lib,6): cds.lib Invalid path '/tools/cadence/XCELIUM2403/tools/inca/files/NCUTILS' (cds.lib command ignored).
DEFINE ncinternal ./NCINTERNAL
|
xrun: *W,DLCPTH (/tools/cadence/XCELIUM2403/tools/inca/files/cdsvhdl.lib,7): cds.lib Invalid path '/tools/cadence/XCELIUM2403/tools/inca/files/NCINTERNAL' (cds.lib command ignored).
DEFINE ncmodels ./NCMODELS
|
xrun: *W,DLCPTH (/tools/cadence/XCELIUM2403/tools/inca/files/cdsvhdl.lib,8): cds.lib Invalid path '/tools/cadence/XCELIUM2403/tools/inca/files/NCMODELS' (cds.lib command ignored).
DEFINE xmutils ./XMUTILS
|
xrun: *W,DLCPTH (/tools/cadence/XCELIUM2403/tools/inca/files/cdsvhdl.lib,9): cds.lib Invalid path '/tools/cadence/XCELIUM2403/tools/inca/files/XMUTILS' (cds.lib command ignored).
DEFINE xminternal ./XMINTERNAL
|
xrun: *W,DLCPTH (/tools/cadence/XCELIUM2403/tools/inca/files/cdsvhdl.lib,10): cds.lib Invalid path '/tools/cadence/XCELIUM2403/tools/inca/files/XMINTERNAL' (cds.lib command ignored).
DEFINE xmmodels ./XMMODELS
|
xrun: *W,DLCPTH (/tools/cadence/XCELIUM2403/tools/inca/files/cdsvhdl.lib,11): cds.lib Invalid path '/tools/cadence/XCELIUM2403/tools/inca/files/XMMODELS' (cds.lib command ignored).
DEFINE cds_assertions ./CDS_ASSERTIONS
|
xrun: *W,DLCPTH (/tools/cadence/XCELIUM2403/tools/inca/files/cdsvhdl.lib,12): cds.lib Invalid path '/tools/cadence/XCELIUM2403/tools/inca/files/CDS_ASSERTIONS' (cds.lib command ignored).
DEFINE cds_inhconn ./CDS_INHCONN
|
xrun: *W,DLCPTH (/tools/cadence/XCELIUM2403/tools/inca/files/cdsvhdl.lib,13): cds.lib Invalid path '/tools/cadence/XCELIUM2403/tools/inca/files/CDS_INHCONN' (cds.lib command ignored).
DEFINE cds_spicelib ./CDS_SPICELIB
|
xrun: *W,DLCPTH (/tools/cadence/XCELIUM2403/tools/inca/files/cdsvhdl.lib,14): cds.lib Invalid path '/tools/cadence/XCELIUM2403/tools/inca/files/CDS_SPICELIB' (cds.lib command ignored).
DEFINE cds_amsfunctions ./CDS_AMSFUNCTIONS
|
xrun: *W,DLCPTH (/tools/cadence/XCELIUM2403/tools/inca/files/cdsvhdl.lib,15): cds.lib Invalid path '/tools/cadence/XCELIUM2403/tools/inca/files/CDS_AMSFUNCTIONS' (cds.lib command ignored).
DEFINE std       ./STD
|
xrun: *W,DLCPTH (/tools/cadence/XCELIUM2403/tools/inca/files/cdsvhdl.lib,1): cds.lib Invalid path '/tools/cadence/XCELIUM2403/tools/inca/files/STD' (cds.lib command ignored).
DEFINE synopsys  ./SYNOPSYS
|
xrun: *W,DLCPTH (/tools/cadence/XCELIUM2403/tools/inca/files/cdsvhdl.lib,2): cds.lib Invalid path '/tools/cadence/XCELIUM2403/tools/inca/files/SYNOPSYS' (cds.lib command ignored).
DEFINE ieee      ./IEEE
|
xrun: *W,DLCPTH (/tools/cadence/XCELIUM2403/tools/inca/files/cdsvhdl.lib,3): cds.lib Invalid path '/tools/cadence/XCELIUM2403/tools/inca/files/IEEE' (cds.lib command ignored).
DEFINE ambit     ./AMBIT
|
xrun: *W,DLCPTH (/tools/cadence/XCELIUM2403/tools/inca/files/cdsvhdl.lib,4): cds.lib Invalid path '/tools/cadence/XCELIUM2403/tools/inca/files/AMBIT' (cds.lib command ignored).
DEFINE vital_memory ./VITAL_MEMORY
|
xrun: *W,DLCPTH (/tools/cadence/XCELIUM2403/tools/inca/files/cdsvhdl.lib,5): cds.lib Invalid path '/tools/cadence/XCELIUM2403/tools/inca/files/VITAL_MEMORY' (cds.lib command ignored).
DEFINE ncutils ./NCUTILS
|
xrun: *W,DLCPTH (/tools/cadence/XCELIUM2403/tools/inca/files/cdsvhdl.lib,6): cds.lib Invalid path '/tools/cadence/XCELIUM2403/tools/inca/files/NCUTILS' (cds.lib command ignored).
DEFINE ncinternal ./NCINTERNAL
|
xrun: *W,DLCPTH (/tools/cadence/XCELIUM2403/tools/inca/files/cdsvhdl.lib,7): cds.lib Invalid path '/tools/cadence/XCELIUM2403/tools/inca/files/NCINTERNAL' (cds.lib command ignored).
DEFINE ncmodels ./NCMODELS
|
xrun: *W,DLCPTH (/tools/cadence/XCELIUM2403/tools/inca/files/cdsvhdl.lib,8): cds.lib Invalid path '/tools/cadence/XCELIUM2403/tools/inca/files/NCMODELS' (cds.lib command ignored).
DEFINE xmutils ./XMUTILS
|
xrun: *W,DLCPTH (/tools/cadence/XCELIUM2403/tools/inca/files/cdsvhdl.lib,9): cds.lib Invalid path '/tools/cadence/XCELIUM2403/tools/inca/files/XMUTILS' (cds.lib command ignored).
DEFINE xminternal ./XMINTERNAL
|
xrun: *W,DLCPTH (/tools/cadence/XCELIUM2403/tools/inca/files/cdsvhdl.lib,10): cds.lib Invalid path '/tools/cadence/XCELIUM2403/tools/inca/files/XMINTERNAL' (cds.lib command ignored).
DEFINE xmmodels ./XMMODELS
|
xrun: *W,DLCPTH (/tools/cadence/XCELIUM2403/tools/inca/files/cdsvhdl.lib,11): cds.lib Invalid path '/tools/cadence/XCELIUM2403/tools/inca/files/XMMODELS' (cds.lib command ignored).
DEFINE cds_assertions ./CDS_ASSERTIONS
|
xrun: *W,DLCPTH (/tools/cadence/XCELIUM2403/tools/inca/files/cdsvhdl.lib,12): cds.lib Invalid path '/tools/cadence/XCELIUM2403/tools/inca/files/CDS_ASSERTIONS' (cds.lib command ignored).
DEFINE cds_inhconn ./CDS_INHCONN
|
xrun: *W,DLCPTH (/tools/cadence/XCELIUM2403/tools/inca/files/cdsvhdl.lib,13): cds.lib Invalid path '/tools/cadence/XCELIUM2403/tools/inca/files/CDS_INHCONN' (cds.lib command ignored).
DEFINE cds_spicelib ./CDS_SPICELIB
|
xrun: *W,DLCPTH (/tools/cadence/XCELIUM2403/tools/inca/files/cdsvhdl.lib,14): cds.lib Invalid path '/tools/cadence/XCELIUM2403/tools/inca/files/CDS_SPICELIB' (cds.lib command ignored).
DEFINE cds_amsfunctions ./CDS_AMSFUNCTIONS
|
xrun: *W,DLCPTH (/tools/cadence/XCELIUM2403/tools/inca/files/cdsvhdl.lib,15): cds.lib Invalid path '/tools/cadence/XCELIUM2403/tools/inca/files/CDS_AMSFUNCTIONS' (cds.lib command ignored).
DEFINE std       ./STD
|
xrun: *W,DLCPTH (/tools/cadence/XCELIUM2403/tools/inca/files/cdsvhdl.lib,1): cds.lib Invalid path '/tools/cadence/XCELIUM2403/tools/inca/files/STD' (cds.lib command ignored).
DEFINE synopsys  ./SYNOPSYS
|
xrun: *W,DLCPTH (/tools/cadence/XCELIUM2403/tools/inca/files/cdsvhdl.lib,2): cds.lib Invalid path '/tools/cadence/XCELIUM2403/tools/inca/files/SYNOPSYS' (cds.lib command ignored).
DEFINE ieee      ./IEEE
|
xrun: *W,DLCPTH (/tools/cadence/XCELIUM2403/tools/inca/files/cdsvhdl.lib,3): cds.lib Invalid path '/tools/cadence/XCELIUM2403/tools/inca/files/IEEE' (cds.lib command ignored).
DEFINE ambit     ./AMBIT
|
xrun: *W,DLCPTH (/tools/cadence/XCELIUM2403/tools/inca/files/cdsvhdl.lib,4): cds.lib Invalid path '/tools/cadence/XCELIUM2403/tools/inca/files/AMBIT' (cds.lib command ignored).
DEFINE vital_memory ./VITAL_MEMORY
|
xrun: *W,DLCPTH (/tools/cadence/XCELIUM2403/tools/inca/files/cdsvhdl.lib,5): cds.lib Invalid path '/tools/cadence/XCELIUM2403/tools/inca/files/VITAL_MEMORY' (cds.lib command ignored).
DEFINE ncutils ./NCUTILS
|
xrun: *W,DLCPTH (/tools/cadence/XCELIUM2403/tools/inca/files/cdsvhdl.lib,6): cds.lib Invalid path '/tools/cadence/XCELIUM2403/tools/inca/files/NCUTILS' (cds.lib command ignored).
DEFINE ncinternal ./NCINTERNAL
|
xrun: *W,DLCPTH (/tools/cadence/XCELIUM2403/tools/inca/files/cdsvhdl.lib,7): cds.lib Invalid path '/tools/cadence/XCELIUM2403/tools/inca/files/NCINTERNAL' (cds.lib command ignored).
DEFINE ncmodels ./NCMODELS
|
xrun: *W,DLCPTH (/tools/cadence/XCELIUM2403/tools/inca/files/cdsvhdl.lib,8): cds.lib Invalid path '/tools/cadence/XCELIUM2403/tools/inca/files/NCMODELS' (cds.lib command ignored).
DEFINE xmutils ./XMUTILS
|
xrun: *W,DLCPTH (/tools/cadence/XCELIUM2403/tools/inca/files/cdsvhdl.lib,9): cds.lib Invalid path '/tools/cadence/XCELIUM2403/tools/inca/files/XMUTILS' (cds.lib command ignored).
DEFINE xminternal ./XMINTERNAL
|
xrun: *W,DLCPTH (/tools/cadence/XCELIUM2403/tools/inca/files/cdsvhdl.lib,10): cds.lib Invalid path '/tools/cadence/XCELIUM2403/tools/inca/files/XMINTERNAL' (cds.lib command ignored).
DEFINE xmmodels ./XMMODELS
|
xrun: *W,DLCPTH (/tools/cadence/XCELIUM2403/tools/inca/files/cdsvhdl.lib,11): cds.lib Invalid path '/tools/cadence/XCELIUM2403/tools/inca/files/XMMODELS' (cds.lib command ignored).
DEFINE cds_assertions ./CDS_ASSERTIONS
|
xrun: *W,DLCPTH (/tools/cadence/XCELIUM2403/tools/inca/files/cdsvhdl.lib,12): cds.lib Invalid path '/tools/cadence/XCELIUM2403/tools/inca/files/CDS_ASSERTIONS' (cds.lib command ignored).
DEFINE cds_inhconn ./CDS_INHCONN
|
xrun: *W,DLCPTH (/tools/cadence/XCELIUM2403/tools/inca/files/cdsvhdl.lib,13): cds.lib Invalid path '/tools/cadence/XCELIUM2403/tools/inca/files/CDS_INHCONN' (cds.lib command ignored).
DEFINE cds_spicelib ./CDS_SPICELIB
|
xrun: *W,DLCPTH (/tools/cadence/XCELIUM2403/tools/inca/files/cdsvhdl.lib,14): cds.lib Invalid path '/tools/cadence/XCELIUM2403/tools/inca/files/CDS_SPICELIB' (cds.lib command ignored).
DEFINE cds_amsfunctions ./CDS_AMSFUNCTIONS
|
xrun: *W,DLCPTH (/tools/cadence/XCELIUM2403/tools/inca/files/cdsvhdl.lib,15): cds.lib Invalid path '/tools/cadence/XCELIUM2403/tools/inca/files/CDS_AMSFUNCTIONS' (cds.lib command ignored).
DEFINE std       ./STD
|
xrun: *W,DLCPTH (/tools/cadence/XCELIUM2403/tools/inca/files/cdsvhdl.lib,1): cds.lib Invalid path '/tools/cadence/XCELIUM2403/tools/inca/files/STD' (cds.lib command ignored).
DEFINE synopsys  ./SYNOPSYS
|
xrun: *W,DLCPTH (/tools/cadence/XCELIUM2403/tools/inca/files/cdsvhdl.lib,2): cds.lib Invalid path '/tools/cadence/XCELIUM2403/tools/inca/files/SYNOPSYS' (cds.lib command ignored).
DEFINE ieee      ./IEEE
|
xrun: *W,DLCPTH (/tools/cadence/XCELIUM2403/tools/inca/files/cdsvhdl.lib,3): cds.lib Invalid path '/tools/cadence/XCELIUM2403/tools/inca/files/IEEE' (cds.lib command ignored).
DEFINE ambit     ./AMBIT
|
xrun: *W,DLCPTH (/tools/cadence/XCELIUM2403/tools/inca/files/cdsvhdl.lib,4): cds.lib Invalid path '/tools/cadence/XCELIUM2403/tools/inca/files/AMBIT' (cds.lib command ignored).
DEFINE vital_memory ./VITAL_MEMORY
|
xrun: *W,DLCPTH (/tools/cadence/XCELIUM2403/tools/inca/files/cdsvhdl.lib,5): cds.lib Invalid path '/tools/cadence/XCELIUM2403/tools/inca/files/VITAL_MEMORY' (cds.lib command ignored).
DEFINE ncutils ./NCUTILS
|
xrun: *W,DLCPTH (/tools/cadence/XCELIUM2403/tools/inca/files/cdsvhdl.lib,6): cds.lib Invalid path '/tools/cadence/XCELIUM2403/tools/inca/files/NCUTILS' (cds.lib command ignored).
DEFINE ncinternal ./NCINTERNAL
|
xrun: *W,DLCPTH (/tools/cadence/XCELIUM2403/tools/inca/files/cdsvhdl.lib,7): cds.lib Invalid path '/tools/cadence/XCELIUM2403/tools/inca/files/NCINTERNAL' (cds.lib command ignored).
DEFINE ncmodels ./NCMODELS
|
xrun: *W,DLCPTH (/tools/cadence/XCELIUM2403/tools/inca/files/cdsvhdl.lib,8): cds.lib Invalid path '/tools/cadence/XCELIUM2403/tools/inca/files/NCMODELS' (cds.lib command ignored).
DEFINE xmutils ./XMUTILS
|
xrun: *W,DLCPTH (/tools/cadence/XCELIUM2403/tools/inca/files/cdsvhdl.lib,9): cds.lib Invalid path '/tools/cadence/XCELIUM2403/tools/inca/files/XMUTILS' (cds.lib command ignored).
DEFINE xminternal ./XMINTERNAL
|
xrun: *W,DLCPTH (/tools/cadence/XCELIUM2403/tools/inca/files/cdsvhdl.lib,10): cds.lib Invalid path '/tools/cadence/XCELIUM2403/tools/inca/files/XMINTERNAL' (cds.lib command ignored).
DEFINE xmmodels ./XMMODELS
|
xrun: *W,DLCPTH (/tools/cadence/XCELIUM2403/tools/inca/files/cdsvhdl.lib,11): cds.lib Invalid path '/tools/cadence/XCELIUM2403/tools/inca/files/XMMODELS' (cds.lib command ignored).
DEFINE cds_assertions ./CDS_ASSERTIONS
|
xrun: *W,DLCPTH (/tools/cadence/XCELIUM2403/tools/inca/files/cdsvhdl.lib,12): cds.lib Invalid path '/tools/cadence/XCELIUM2403/tools/inca/files/CDS_ASSERTIONS' (cds.lib command ignored).
DEFINE cds_inhconn ./CDS_INHCONN
|
xrun: *W,DLCPTH (/tools/cadence/XCELIUM2403/tools/inca/files/cdsvhdl.lib,13): cds.lib Invalid path '/tools/cadence/XCELIUM2403/tools/inca/files/CDS_INHCONN' (cds.lib command ignored).
DEFINE cds_spicelib ./CDS_SPICELIB
|
xrun: *W,DLCPTH (/tools/cadence/XCELIUM2403/tools/inca/files/cdsvhdl.lib,14): cds.lib Invalid path '/tools/cadence/XCELIUM2403/tools/inca/files/CDS_SPICELIB' (cds.lib command ignored).
DEFINE cds_amsfunctions ./CDS_AMSFUNCTIONS
|
xrun: *W,DLCPTH (/tools/cadence/XCELIUM2403/tools/inca/files/cdsvhdl.lib,15): cds.lib Invalid path '/tools/cadence/XCELIUM2403/tools/inca/files/CDS_AMSFUNCTIONS' (cds.lib command ignored).
DEFINE std       ./STD
|
xmvlog: *W,DLCPTH (/tools/cadence/XCELIUM2403/tools/inca/files/cdsvhdl.lib,1): cds.lib Invalid path '/tools/cadence/XCELIUM2403/tools/inca/files/STD' (cds.lib command ignored).
DEFINE synopsys  ./SYNOPSYS
|
xmvlog: *W,DLCPTH (/tools/cadence/XCELIUM2403/tools/inca/files/cdsvhdl.lib,2): cds.lib Invalid path '/tools/cadence/XCELIUM2403/tools/inca/files/SYNOPSYS' (cds.lib command ignored).
DEFINE ieee      ./IEEE
|
xmvlog: *W,DLCPTH (/tools/cadence/XCELIUM2403/tools/inca/files/cdsvhdl.lib,3): cds.lib Invalid path '/tools/cadence/XCELIUM2403/tools/inca/files/IEEE' (cds.lib command ignored).
DEFINE ambit     ./AMBIT
|
xmvlog: *W,DLCPTH (/tools/cadence/XCELIUM2403/tools/inca/files/cdsvhdl.lib,4): cds.lib Invalid path '/tools/cadence/XCELIUM2403/tools/inca/files/AMBIT' (cds.lib command ignored).
DEFINE vital_memory ./VITAL_MEMORY
|
xmvlog: *W,DLCPTH (/tools/cadence/XCELIUM2403/tools/inca/files/cdsvhdl.lib,5): cds.lib Invalid path '/tools/cadence/XCELIUM2403/tools/inca/files/VITAL_MEMORY' (cds.lib command ignored).
DEFINE ncutils ./NCUTILS
|
xmvlog: *W,DLCPTH (/tools/cadence/XCELIUM2403/tools/inca/files/cdsvhdl.lib,6): cds.lib Invalid path '/tools/cadence/XCELIUM2403/tools/inca/files/NCUTILS' (cds.lib command ignored).
DEFINE ncinternal ./NCINTERNAL
|
xmvlog: *W,DLCPTH (/tools/cadence/XCELIUM2403/tools/inca/files/cdsvhdl.lib,7): cds.lib Invalid path '/tools/cadence/XCELIUM2403/tools/inca/files/NCINTERNAL' (cds.lib command ignored).
DEFINE ncmodels ./NCMODELS
|
xmvlog: *W,DLCPTH (/tools/cadence/XCELIUM2403/tools/inca/files/cdsvhdl.lib,8): cds.lib Invalid path '/tools/cadence/XCELIUM2403/tools/inca/files/NCMODELS' (cds.lib command ignored).
DEFINE xmutils ./XMUTILS
|
xmvlog: *W,DLCPTH (/tools/cadence/XCELIUM2403/tools/inca/files/cdsvhdl.lib,9): cds.lib Invalid path '/tools/cadence/XCELIUM2403/tools/inca/files/XMUTILS' (cds.lib command ignored).
DEFINE xminternal ./XMINTERNAL
|
xmvlog: *W,DLCPTH (/tools/cadence/XCELIUM2403/tools/inca/files/cdsvhdl.lib,10): cds.lib Invalid path '/tools/cadence/XCELIUM2403/tools/inca/files/XMINTERNAL' (cds.lib command ignored).
DEFINE xmmodels ./XMMODELS
|
xmvlog: *W,DLCPTH (/tools/cadence/XCELIUM2403/tools/inca/files/cdsvhdl.lib,11): cds.lib Invalid path '/tools/cadence/XCELIUM2403/tools/inca/files/XMMODELS' (cds.lib command ignored).
DEFINE cds_assertions ./CDS_ASSERTIONS
|
xmvlog: *W,DLCPTH (/tools/cadence/XCELIUM2403/tools/inca/files/cdsvhdl.lib,12): cds.lib Invalid path '/tools/cadence/XCELIUM2403/tools/inca/files/CDS_ASSERTIONS' (cds.lib command ignored).
DEFINE cds_inhconn ./CDS_INHCONN
|
xmvlog: *W,DLCPTH (/tools/cadence/XCELIUM2403/tools/inca/files/cdsvhdl.lib,13): cds.lib Invalid path '/tools/cadence/XCELIUM2403/tools/inca/files/CDS_INHCONN' (cds.lib command ignored).
DEFINE cds_spicelib ./CDS_SPICELIB
|
xmvlog: *W,DLCPTH (/tools/cadence/XCELIUM2403/tools/inca/files/cdsvhdl.lib,14): cds.lib Invalid path '/tools/cadence/XCELIUM2403/tools/inca/files/CDS_SPICELIB' (cds.lib command ignored).
DEFINE cds_amsfunctions ./CDS_AMSFUNCTIONS
|
xmvlog: *W,DLCPTH (/tools/cadence/XCELIUM2403/tools/inca/files/cdsvhdl.lib,15): cds.lib Invalid path '/tools/cadence/XCELIUM2403/tools/inca/files/CDS_AMSFUNCTIONS' (cds.lib command ignored
).
file: /work/cgra4ml/run/work/config_hw.svh
file: /home/cadence/.local/lib/python3.11/site-packages/deepsocflow/rtl/defines.svh
file: /home/cadence/.local/lib/python3.11/site-packages/deepsocflow/test/sv/ext/skidbuffer.v
	module worklib.skidbuffer:v
		errors: 0, warnings: 0
	Total errors/warnings found outside modules and primitives:
		errors: 0, warnings: 15
DEFINE std       ./STD
|
xrun: *W,DLCPTH (/tools/cadence/XCELIUM2403/tools/inca/files/cdsvhdl.lib,1): cds.lib Invalid path '/tools/cadence/XCELIUM2403/tools/inca/files/STD' (cds.lib command ignored).
DEFINE synopsys  ./SYNOPSYS
|
xrun: *W,DLCPTH (/tools/cadence/XCELIUM2403/tools/inca/files/cdsvhdl.lib,2): cds.lib Invalid path '/tools/cadence/XCELIUM2403/tools/inca/files/SYNOPSYS' (cds.lib command ignored).
DEFINE ieee      ./IEEE
|
xrun: *W,DLCPTH (/tools/cadence/XCELIUM2403/tools/inca/files/cdsvhdl.lib,3): cds.lib Invalid path '/tools/cadence/XCELIUM2403/tools/inca/files/IEEE' (cds.lib command ignored).
DEFINE ambit     ./AMBIT
|
xrun: *W,DLCPTH (/tools/cadence/XCELIUM2403/tools/inca/files/cdsvhdl.lib,4): cds.lib Invalid path '/tools/cadence/XCELIUM2403/tools/inca/files/AMBIT' (cds.lib command ignored).
DEFINE vital_memory ./VITAL_MEMORY
|
xrun: *W,DLCPTH (/tools/cadence/XCELIUM2403/tools/inca/files/cdsvhdl.lib,5): cds.lib Invalid path '/tools/cadence/XCELIUM2403/tools/inca/files/VITAL_MEMORY' (cds.lib command ignored).
DEFINE ncutils ./NCUTILS
|
xrun: *W,DLCPTH (/tools/cadence/XCELIUM2403/tools/inca/files/cdsvhdl.lib,6): cds.lib Invalid path '/tools/cadence/XCELIUM2403/tools/inca/files/NCUTILS' (cds.lib command ignored).
DEFINE ncinternal ./NCINTERNAL
|
xrun: *W,DLCPTH (/tools/cadence/XCELIUM2403/tools/inca/files/cdsvhdl.lib,7): cds.lib Invalid path '/tools/cadence/XCELIUM2403/tools/inca/files/NCINTERNAL' (cds.lib command ignored).
DEFINE ncmodels ./NCMODELS
|
xrun: *W,DLCPTH (/tools/cadence/XCELIUM2403/tools/inca/files/cdsvhdl.lib,8): cds.lib Invalid path '/tools/cadence/XCELIUM2403/tools/inca/files/NCMODELS' (cds.lib command ignored).
DEFINE xmutils ./XMUTILS
|
xrun: *W,DLCPTH (/tools/cadence/XCELIUM2403/tools/inca/files/cdsvhdl.lib,9): cds.lib Invalid path '/tools/cadence/XCELIUM2403/tools/inca/files/XMUTILS' (cds.lib command ignored).
DEFINE xminternal ./XMINTERNAL
|
xrun: *W,DLCPTH (/tools/cadence/XCELIUM2403/tools/inca/files/cdsvhdl.lib,10): cds.lib Invalid path '/tools/cadence/XCELIUM2403/tools/inca/files/XMINTERNAL' (cds.lib command ignored).
DEFINE xmmodels ./XMMODELS
|
xrun: *W,DLCPTH (/tools/cadence/XCELIUM2403/tools/inca/files/cdsvhdl.lib,11): cds.lib Invalid path '/tools/cadence/XCELIUM2403/tools/inca/files/XMMODELS' (cds.lib command ignored).
DEFINE cds_assertions ./CDS_ASSERTIONS
|
xrun: *W,DLCPTH (/tools/cadence/XCELIUM2403/tools/inca/files/cdsvhdl.lib,12): cds.lib Invalid path '/tools/cadence/XCELIUM2403/tools/inca/files/CDS_ASSERTIONS' (cds.lib command ignored).
DEFINE cds_inhconn ./CDS_INHCONN
|
xrun: *W,DLCPTH (/tools/cadence/XCELIUM2403/tools/inca/files/cdsvhdl.lib,13): cds.lib Invalid path '/tools/cadence/XCELIUM2403/tools/inca/files/CDS_INHCONN' (cds.lib command ignored).
DEFINE cds_spicelib ./CDS_SPICELIB
|
xrun: *W,DLCPTH (/tools/cadence/XCELIUM2403/tools/inca/files/cdsvhdl.lib,14): cds.lib Invalid path '/tools/cadence/XCELIUM2403/tools/inca/files/CDS_SPICELIB' (cds.lib command ignored).
DEFINE cds_amsfunctions ./CDS_AMSFUNCTIONS
|
xrun: *W,DLCPTH (/tools/cadence/XCELIUM2403/tools/inca/files/cdsvhdl.lib,15): cds.lib Invalid path '/tools/cadence/XCELIUM2403/tools/inca/files/CDS_AMSFUNCTIONS' (cds.lib command ignored).
DEFINE std       ./STD
|
xrun: *W,DLCPTH (/tools/cadence/XCELIUM2403/tools/inca/files/cdsvhdl.lib,1): cds.lib Invalid path '/tools/cadence/XCELIUM2403/tools/inca/files/STD' (cds.lib command ignored).
DEFINE synopsys  ./SYNOPSYS
|
xrun: *W,DLCPTH (/tools/cadence/XCELIUM2403/tools/inca/files/cdsvhdl.lib,2): cds.lib Invalid path '/tools/cadence/XCELIUM2403/tools/inca/files/SYNOPSYS' (cds.lib command ignored).
DEFINE ieee      ./IEEE
|
xrun: *W,DLCPTH (/tools/cadence/XCELIUM2403/tools/inca/files/cdsvhdl.lib,3): cds.lib Invalid path '/tools/cadence/XCELIUM2403/tools/inca/files/IEEE' (cds.lib command ignored).
DEFINE ambit     ./AMBIT
|
xrun: *W,DLCPTH (/tools/cadence/XCELIUM2403/tools/inca/files/cdsvhdl.lib,4): cds.lib Invalid path '/tools/cadence/XCELIUM2403/tools/inca/files/AMBIT' (cds.lib command ignored).
DEFINE vital_memory ./VITAL_MEMORY
|
xrun: *W,DLCPTH (/tools/cadence/XCELIUM2403/tools/inca/files/cdsvhdl.lib,5): cds.lib Invalid path '/tools/cadence/XCELIUM2403/tools/inca/files/VITAL_MEMORY' (cds.lib command ignored).
DEFINE ncutils ./NCUTILS
|
xrun: *W,DLCPTH (/tools/cadence/XCELIUM2403/tools/inca/files/cdsvhdl.lib,6): cds.lib Invalid path '/tools/cadence/XCELIUM2403/tools/inca/files/NCUTILS' (cds.lib command ignored).
DEFINE ncinternal ./NCINTERNAL
|
xrun: *W,DLCPTH (/tools/cadence/XCELIUM2403/tools/inca/files/cdsvhdl.lib,7): cds.lib Invalid path '/tools/cadence/XCELIUM2403/tools/inca/files/NCINTERNAL' (cds.lib command ignored).
DEFINE ncmodels ./NCMODELS
|
xrun: *W,DLCPTH (/tools/cadence/XCELIUM2403/tools/inca/files/cdsvhdl.lib,8): cds.lib Invalid path '/tools/cadence/XCELIUM2403/tools/inca/files/NCMODELS' (cds.lib command ignored).
DEFINE xmutils ./XMUTILS
|
xrun: *W,DLCPTH (/tools/cadence/XCELIUM2403/tools/inca/files/cdsvhdl.lib,9): cds.lib Invalid path '/tools/cadence/XCELIUM2403/tools/inca/files/XMUTILS' (cds.lib command ignored).
DEFINE xminternal ./XMINTERNAL
|
xrun: *W,DLCPTH (/tools/cadence/XCELIUM2403/tools/inca/files/cdsvhdl.lib,10): cds.lib Invalid path '/tools/cadence/XCELIUM2403/tools/inca/files/XMINTERNAL' (cds.lib command ignored).
DEFINE xmmodels ./XMMODELS
|
xrun: *W,DLCPTH (/tools/cadence/XCELIUM2403/tools/inca/files/cdsvhdl.lib,11): cds.lib Invalid path '/tools/cadence/XCELIUM2403/tools/inca/files/XMMODELS' (cds.lib command ignored).
DEFINE cds_assertions ./CDS_ASSERTIONS
|
xrun: *W,DLCPTH (/tools/cadence/XCELIUM2403/tools/inca/files/cdsvhdl.lib,12): cds.lib Invalid path '/tools/cadence/XCELIUM2403/tools/inca/files/CDS_ASSERTIONS' (cds.lib command ignored).
DEFINE cds_inhconn ./CDS_INHCONN
|
xrun: *W,DLCPTH (/tools/cadence/XCELIUM2403/tools/inca/files/cdsvhdl.lib,13): cds.lib Invalid path '/tools/cadence/XCELIUM2403/tools/inca/files/CDS_INHCONN' (cds.lib command ignored).
DEFINE cds_spicelib ./CDS_SPICELIB
|
xrun: *W,DLCPTH (/tools/cadence/XCELIUM2403/tools/inca/files/cdsvhdl.lib,14): cds.lib Invalid path '/tools/cadence/XCELIUM2403/tools/inca/files/CDS_SPICELIB' (cds.lib command ignored).
DEFINE cds_amsfunctions ./CDS_AMSFUNCTIONS
|
xrun: *W,DLCPTH (/tools/cadence/XCELIUM2403/tools/inca/files/cdsvhdl.lib,15): cds.lib Invalid path '/tools/cadence/XCELIUM2403/tools/inca/files/CDS_AMSFUNCTIONS' (cds.lib command ignored).
DEFINE std       ./STD
|
xmelab: *W,DLCPTH (/tools/cadence/XCELIUM2403/tools/inca/files/cdsvhdl.lib,1): cds.lib Invalid path '/tools/cadence/XCELIUM2403/tools/inca/files/STD' (cds.lib command ignored).
DEFINE synopsys  ./SYNOPSYS
|
xmelab: *W,DLCPTH (/tools/cadence/XCELIUM2403/tools/inca/files/cdsvhdl.lib,2): cds.lib Invalid path '/tools/cadence/XCELIUM2403/tools/inca/files/SYNOPSYS' (cds.lib command ignored).
DEFINE ieee      ./IEEE
|
xmelab: *W,DLCPTH (/tools/cadence/XCELIUM2403/tools/inca/files/cdsvhdl.lib,3): cds.lib Invalid path '/tools/cadence/XCELIUM2403/tools/inca/files/IEEE' (cds.lib command ignored).
DEFINE ambit     ./AMBIT
|
xmelab: *W,DLCPTH (/tools/cadence/XCELIUM2403/tools/inca/files/cdsvhdl.lib,4): cds.lib Invalid path '/tools/cadence/XCELIUM2403/tools/inca/files/AMBIT' (cds.lib command ignored).
DEFINE vital_memory ./VITAL_MEMORY
|
xmelab: *W,DLCPTH (/tools/cadence/XCELIUM2403/tools/inca/files/cdsvhdl.lib,5): cds.lib Invalid path '/tools/cadence/XCELIUM2403/tools/inca/files/VITAL_MEMORY' (cds.lib command ignored).
DEFINE ncutils ./NCUTILS
|
xmelab: *W,DLCPTH (/tools/cadence/XCELIUM2403/tools/inca/files/cdsvhdl.lib,6): cds.lib Invalid path '/tools/cadence/XCELIUM2403/tools/inca/files/NCUTILS' (cds.lib command ignored).
DEFINE ncinternal ./NCINTERNAL
|
xmelab: *W,DLCPTH (/tools/cadence/XCELIUM2403/tools/inca/files/cdsvhdl.lib,7): cds.lib Invalid path '/tools/cadence/XCELIUM2403/tools/inca/files/NCINTERNAL' (cds.lib command ignored).
DEFINE ncmodels ./NCMODELS
|
xmelab: *W,DLCPTH (/tools/cadence/XCELIUM2403/tools/inca/files/cdsvhdl.lib,8): cds.lib Invalid path '/tools/cadence/XCELIUM2403/tools/inca/files/NCMODELS' (cds.lib command ignored).
DEFINE xmutils ./XMUTILS
|
xmelab: *W,DLCPTH (/tools/cadence/XCELIUM2403/tools/inca/files/cdsvhdl.lib,9): cds.lib Invalid path '/tools/cadence/XCELIUM2403/tools/inca/files/XMUTILS' (cds.lib command ignored).
DEFINE xminternal ./XMINTERNAL
|
xmelab: *W,DLCPTH (/tools/cadence/XCELIUM2403/tools/inca/files/cdsvhdl.lib,10): cds.lib Invalid path '/tools/cadence/XCELIUM2403/tools/inca/files/XMINTERNAL' (cds.lib command ignored).
DEFINE xmmodels ./XMMODELS
|
xmelab: *W,DLCPTH (/tools/cadence/XCELIUM2403/tools/inca/files/cdsvhdl.lib,11): cds.lib Invalid path '/tools/cadence/XCELIUM2403/tools/inca/files/XMMODELS' (cds.lib command ignored).
DEFINE cds_assertions ./CDS_ASSERTIONS
|
xmelab: *W,DLCPTH (/tools/cadence/XCELIUM2403/tools/inca/files/cdsvhdl.lib,12): cds.lib Invalid path '/tools/cadence/XCELIUM2403/tools/inca/files/CDS_ASSERTIONS' (cds.lib command ignored).
DEFINE cds_inhconn ./CDS_INHCONN
|
xmelab: *W,DLCPTH (/tools/cadence/XCELIUM2403/tools/inca/files/cdsvhdl.lib,13): cds.lib Invalid path '/tools/cadence/XCELIUM2403/tools/inca/files/CDS_INHCONN' (cds.lib command ignored).
DEFINE cds_spicelib ./CDS_SPICELIB
|
xmelab: *W,DLCPTH (/tools/cadence/XCELIUM2403/tools/inca/files/cdsvhdl.lib,14): cds.lib Invalid path '/tools/cadence/XCELIUM2403/tools/inca/files/CDS_SPICELIB' (cds.lib command ignored).
DEFINE cds_amsfunctions ./CDS_AMSFUNCTIONS
|
xmelab: *W,DLCPTH (/tools/cadence/XCELIUM2403/tools/inca/files/cdsvhdl.lib,15): cds.lib Invalid path '/tools/cadence/XCELIUM2403/tools/inca/files/CDS_AMSFUNCTIONS' (cds.lib command ignored
).
	Elaborating the design hierarchy:
		Caching library 'worklib' ....... Done
	Top level design units:
		$unit_0x1eb1c0a6
		top_tb
    always_ff @(posedge clk `OR_NEGEDGE(rstn)) begin
            |
xmelab: *W,MULAXXW (/home/cadence/.local/lib/python3.11/site-packages/deepsocflow/rtl/ext/alex_axis_adapter.sv,153|12): Multiple drivers to always_ff output variable seg_reg detected.
    always_ff @(posedge clk `OR_NEGEDGE(rstn)) begin
            |
xmelab: *W,MULAXXW (/home/cadence/.local/lib/python3.11/site-packages/deepsocflow/rtl/ext/alex_axis_adapter.sv,153|12): Multiple drivers to always_ff output variable seg_reg detected.
    always_ff @(posedge clk `OR_NEGEDGE(rstn)) begin
            |
xmelab: *W,MULAXXW (/home/cadence/.local/lib/python3.11/site-packages/deepsocflow/rtl/ext/alex_axis_adapter.sv,153|12): Multiple drivers to always_ff output variable seg_reg detected.
    always_ff @(posedge clk `OR_NEGEDGE(rstn)) begin
            |
xmelab: *W,MULAXXW (/home/cadence/.local/lib/python3.11/site-packages/deepsocflow/rtl/ext/alex_axis_adapter.sv,153|12): Multiple drivers to always_ff output variable seg_reg detected.
	Building instance overlay tables: .................... Done
	Generating native compiled code:
DEFINE std       ./STD
|
xmvlog_cg: *W,DLCPTH (/tools/cadence/XCELIUM2403/tools/inca/files/cdsvhdl.lib,1): cds.lib Invalid path '/tools/cadence/XCELIUM2403/tools/inca/files/STD' (cds.lib command ignored).
DEFINE synopsys  ./SYNOPSYS
|
xmvlog_cg: *W,DLCPTH (/tools/cadence/XCELIUM2403/tools/inca/files/cdsvhdl.lib,2): cds.lib Invalid path '/tools/cadence/XCELIUM2403/tools/inca/files/SYNOPSYS' (cds.lib command ignored).
DEFINE ieee      ./IEEE
|
xmvlog_cg: *W,DLCPTH (/tools/cadence/XCELIUM2403/tools/inca/files/cdsvhdl.lib,3): cds.lib Invalid path '/tools/cadence/XCELIUM2403/tools/inca/files/IEEE' (cds.lib command ignored).
DEFINE ambit     ./AMBIT
|
xmvlog_cg: *W,DLCPTH (/tools/cadence/XCELIUM2403/tools/inca/files/cdsvhdl.lib,4): cds.lib Invalid path '/tools/cadence/XCELIUM2403/tools/inca/files/AMBIT' (cds.lib command ignored).
DEFINE vital_memory ./VITAL_MEMORY
|
xmvlog_cg: *W,DLCPTH (/tools/cadence/XCELIUM2403/tools/inca/files/cdsvhdl.lib,5): cds.lib Invalid path '/tools/cadence/XCELIUM2403/tools/inca/files/VITAL_MEMORY' (cds.lib command ignored).
DEFINE ncutils ./NCUTILS
|
xmvlog_cg: *W,DLCPTH (/tools/cadence/XCELIUM2403/tools/inca/files/cdsvhdl.lib,6): cds.lib Invalid path '/tools/cadence/XCELIUM2403/tools/inca/files/NCUTILS' (cds.lib command ignored).
DEFINE ncinternal ./NCINTERNAL
|
xmvlog_cg: *W,DLCPTH (/tools/cadence/XCELIUM2403/tools/inca/files/cdsvhdl.lib,7): cds.lib Invalid path '/tools/cadence/XCELIUM2403/tools/inca/files/NCINTERNAL' (cds.lib command ignored).
DEFINE ncmodels ./NCMODELS
|
xmvlog_cg: *W,DLCPTH (/tools/cadence/XCELIUM2403/tools/inca/files/cdsvhdl.lib,8): cds.lib Invalid path '/tools/cadence/XCELIUM2403/tools/inca/files/NCMODELS' (cds.lib command ignored).
DEFINE xmutils ./XMUTILS
|
xmvlog_cg: *W,DLCPTH (/tools/cadence/XCELIUM2403/tools/inca/files/cdsvhdl.lib,9): cds.lib Invalid path '/tools/cadence/XCELIUM2403/tools/inca/files/XMUTILS' (cds.lib command ignored).
DEFINE xminternal ./XMINTERNAL
|
xmvlog_cg: *W,DLCPTH (/tools/cadence/XCELIUM2403/tools/inca/files/cdsvhdl.lib,10): cds.lib Invalid path '/tools/cadence/XCELIUM2403/tools/inca/files/XMINTERNAL' (cds.lib command ignored).
DEFINE xmmodels ./XMMODELS
|
xmvlog_cg: *W,DLCPTH (/tools/cadence/XCELIUM2403/tools/inca/files/cdsvhdl.lib,11): cds.lib Invalid path '/tools/cadence/XCELIUM2403/tools/inca/files/XMMODELS' (cds.lib command ignored).
DEFINE cds_assertions ./CDS_ASSERTIONS
|
xmvlog_cg: *W,DLCPTH (/tools/cadence/XCELIUM2403/tools/inca/files/cdsvhdl.lib,12): cds.lib Invalid path '/tools/cadence/XCELIUM2403/tools/inca/files/CDS_ASSERTIONS' (cds.lib command ignore
d).
DEFINE cds_inhconn ./CDS_INHCONN
|
xmvlog_cg: *W,DLCPTH (/tools/cadence/XCELIUM2403/tools/inca/files/cdsvhdl.lib,13): cds.lib Invalid path '/tools/cadence/XCELIUM2403/tools/inca/files/CDS_INHCONN' (cds.lib command ignored).
DEFINE cds_spicelib ./CDS_SPICELIB
|
xmvlog_cg: *W,DLCPTH (/tools/cadence/XCELIUM2403/tools/inca/files/cdsvhdl.lib,14): cds.lib Invalid path '/tools/cadence/XCELIUM2403/tools/inca/files/CDS_SPICELIB' (cds.lib command ignored)
.
DEFINE cds_amsfunctions ./CDS_AMSFUNCTIONS
|
xmvlog_cg: *W,DLCPTH (/tools/cadence/XCELIUM2403/tools/inca/files/cdsvhdl.lib,15): cds.lib Invalid path '/tools/cadence/XCELIUM2403/tools/inca/files/CDS_AMSFUNCTIONS' (cds.lib command igno
red).
		worklib.alex_axi_dma_wr:sv <0x2528502a>
			streams:  30, words: 60847
		worklib.alex_axi_dma_rd:sv <0x22256e07>
			streams:  32, words: 44395
		worklib.skid_buffer:sv <0x686faf99>
			streams:  12, words:  9572
		worklib.skid_buffer:sv <0x4320331c>
			streams:  12, words:  9675
		worklib.axis_adapter:sv <0x7fd9f0fd>
			streams:  49, words: 15409
		worklib.alex_axis_adapter_any:sv <0x58e2f6f0>
			streams:  24, words:  7700
		worklib.proc_engine_out:v <0x689fd177>
			streams:   0, words:     0
		worklib.counter:sv <0x17be4797>
			streams:   7, words:  3387
		worklib.counter:sv <0x213a8101>
			streams:   7, words:  3727
		worklib.counter:sv <0x3092bd8a>
			streams:   7, words:  3520
		worklib.counter:sv <0x55cae81e>
			streams:   7, words:  3469
		worklib.counter:sv <0x1dd3d0e6>
			streams:   7, words:  3378
		worklib.axis_register:v <0x4e73fcd1>
			streams:  48, words: 13933
		worklib.n_delay:sv <0x2204185d>
			streams:   2, words:   402
		worklib.rams_sp_wf:v <0x1f92395f>
			streams:   3, words:  1309
		worklib.ram_weights:sv <0x7fb4579e>
			streams:   4, words:  1082
		worklib.cyclic_bram:sv <0x0b03e166>
			streams:   6, words:  2326
		worklib.axis_adapter:sv <0x375ca8bf>
			streams:  49, words: 17463
		worklib.axis_adapter:sv <0x507d97f2>
			streams:  46, words: 19414
		worklib.alex_axis_adapter_any:sv <0x1e7c2cf3>
			streams:  25, words:  8153
		worklib.n_delay:sv <0x07100d24>
			streams:   2, words:   425
		worklib.rams_sp_wf:v <0x19681abd>
			streams:   3, words:  1385
		worklib.ram_edges:sv <0x785d1743>
			streams:   4, words:  1100
		worklib.counter:sv <0x061be73a>
			streams:   7, words:  3387
		worklib.counter:sv <0x4385027b>
			streams:   7, words:  3203
		worklib.counter:sv <0x109af799>
			streams:   7, words:  3387
		worklib.axis_adapter:sv <0x6b22efeb>
			streams:  49, words: 14598
		worklib.alex_axis_adapter_any:sv <0x139e444f>
			streams:  24, words:  7476
		worklib.axis_adapter:sv <0x5697976f>
			streams:  49, words: 16662
		worklib.axis_adapter:sv <0x5cc40dac>
			streams:  46, words: 18895
		worklib.alex_axis_adapter_any:sv <0x4f552f01>
			streams:  25, words:  7787
		worklib.axis_pixels:sv <0x2178de6f>
			streams:  70, words: 31807
		worklib.counter:sv <0x2ae55e95>
			streams:   7, words:  3645
		worklib.counter:sv <0x1ca2fee3>
			streams:   7, words:  3410
		worklib.counter:sv <0x485addef>
			streams:   7, words:  3285
		worklib.counter:sv <0x0d0ac268>
			streams:   7, words:  3203
		worklib.dual_port_sram:sv <0x3bfcf915>
			streams:   3, words:  1152
		worklib.dma_controller:sv <0x7e078525>
			streams: 121, words: 56163
		worklib.alex_axilite_rd:sv <0x0a28f6b4>
			streams:   6, words:  5172
		worklib.alex_axilite_wr:sv <0x4bdf3fb5>
			streams:   7, words:  6843
		worklib.axi_cgra4ml:v <0x4db89d97>
			streams:   6, words:  3633
		worklib.skidbuffer:v <0x6a9834a2>
			streams:  18, words:  6801
		worklib.axi_addr:v <0x1df8ad58>
			streams:   7, words:  3474
		worklib.skidbuffer:v <0x52aaddb4>
			streams:  12, words:  5014
		worklib.zipcpu_axi2ram:v <0x33daa6cc>
			streams:  60, words: 23755
		worklib.top_tb:sv <0x65ffb6bf>
			streams:  10, words:  4443
		worklib.fb_axi_vip:sv <0x08ae2180>
			streams:  73, words: 66804
		worklib.asym_ram_sdp_read_wider:sv <0x4b4d0a91>
			streams:   4, words:  1718
		worklib.axis_weight_rotator:sv <0x72b0b9fb>
			streams: 489, words: 216844
		worklib.axis_sync:sv <0x3bcbc6df>
			streams:   3, words:  1000
		worklib.proc_engine:sv <0x621be90c>
			streams: 370, words: 892765
		worklib.dnn_engine:v <0x3f0cf31a>
			streams:  19, words:  5031
		worklib.n_delay:sv <0x13e41cde>
			streams:   6, words:  2448
		worklib.axis_pipeline_register2:v <0x016e2abe>
			streams:  16, words:  2707
		worklib.n_delay:sv <0x63aa8993>
			streams:   6, words:  2519
		worklib.n_delay:sv <0x01b256d4>
			streams:   6, words:  2462
		worklib.\$unit_0x1eb1c0a6 :compilation_unit <0x758add6c>
			streams:   0, words:     0
	Building instance specific data structures.
	Loading native compiled code:     .................... Done
	Design hierarchy summary:
		                   Instances  Unique
		Modules:                 690      31
		Registers:             3,147     739
		Scalar wires:          4,766       -
		Expanded wires:        2,896      74
		Vectored wires:        2,691       -
		Always blocks:         2,281     119
		Initial blocks:           70      34
		Cont. assignments:     3,475     315
		Pseudo assignments:    2,443       -
		Compilation units:         1       1
		Process Clocks:        1,702       4
		Simulation timescale:    1ps
	Writing initial simulation snapshot: worklib.top_tb:sv
DEFINE std       ./STD
|
xmsim: *W,DLCPTH (/tools/cadence/XCELIUM2403/tools/inca/files/cdsvhdl.lib,1): cds.lib Invalid path '/tools/cadence/XCELIUM2403/tools/inca/files/STD' (cds.lib command ignored).
DEFINE synopsys  ./SYNOPSYS
|
xmsim: *W,DLCPTH (/tools/cadence/XCELIUM2403/tools/inca/files/cdsvhdl.lib,2): cds.lib Invalid path '/tools/cadence/XCELIUM2403/tools/inca/files/SYNOPSYS' (cds.lib command ignored).
DEFINE ieee      ./IEEE
|
xmsim: *W,DLCPTH (/tools/cadence/XCELIUM2403/tools/inca/files/cdsvhdl.lib,3): cds.lib Invalid path '/tools/cadence/XCELIUM2403/tools/inca/files/IEEE' (cds.lib command ignored).
DEFINE ambit     ./AMBIT
|
xmsim: *W,DLCPTH (/tools/cadence/XCELIUM2403/tools/inca/files/cdsvhdl.lib,4): cds.lib Invalid path '/tools/cadence/XCELIUM2403/tools/inca/files/AMBIT' (cds.lib command ignored).
DEFINE vital_memory ./VITAL_MEMORY
|
xmsim: *W,DLCPTH (/tools/cadence/XCELIUM2403/tools/inca/files/cdsvhdl.lib,5): cds.lib Invalid path '/tools/cadence/XCELIUM2403/tools/inca/files/VITAL_MEMORY' (cds.lib command ignored).
DEFINE ncutils ./NCUTILS
|
xmsim: *W,DLCPTH (/tools/cadence/XCELIUM2403/tools/inca/files/cdsvhdl.lib,6): cds.lib Invalid path '/tools/cadence/XCELIUM2403/tools/inca/files/NCUTILS' (cds.lib command ignored).
DEFINE ncinternal ./NCINTERNAL
|
xmsim: *W,DLCPTH (/tools/cadence/XCELIUM2403/tools/inca/files/cdsvhdl.lib,7): cds.lib Invalid path '/tools/cadence/XCELIUM2403/tools/inca/files/NCINTERNAL' (cds.lib command ignored).
DEFINE ncmodels ./NCMODELS
|
xmsim: *W,DLCPTH (/tools/cadence/XCELIUM2403/tools/inca/files/cdsvhdl.lib,8): cds.lib Invalid path '/tools/cadence/XCELIUM2403/tools/inca/files/NCMODELS' (cds.lib command ignored).
DEFINE xmutils ./XMUTILS
|
xmsim: *W,DLCPTH (/tools/cadence/XCELIUM2403/tools/inca/files/cdsvhdl.lib,9): cds.lib Invalid path '/tools/cadence/XCELIUM2403/tools/inca/files/XMUTILS' (cds.lib command ignored).
DEFINE xminternal ./XMINTERNAL
|
xmsim: *W,DLCPTH (/tools/cadence/XCELIUM2403/tools/inca/files/cdsvhdl.lib,10): cds.lib Invalid path '/tools/cadence/XCELIUM2403/tools/inca/files/XMINTERNAL' (cds.lib command ignored).
DEFINE xmmodels ./XMMODELS
|
xmsim: *W,DLCPTH (/tools/cadence/XCELIUM2403/tools/inca/files/cdsvhdl.lib,11): cds.lib Invalid path '/tools/cadence/XCELIUM2403/tools/inca/files/XMMODELS' (cds.lib command ignored).
DEFINE cds_assertions ./CDS_ASSERTIONS
|
xmsim: *W,DLCPTH (/tools/cadence/XCELIUM2403/tools/inca/files/cdsvhdl.lib,12): cds.lib Invalid path '/tools/cadence/XCELIUM2403/tools/inca/files/CDS_ASSERTIONS' (cds.lib command ignored).
DEFINE cds_inhconn ./CDS_INHCONN
|
xmsim: *W,DLCPTH (/tools/cadence/XCELIUM2403/tools/inca/files/cdsvhdl.lib,13): cds.lib Invalid path '/tools/cadence/XCELIUM2403/tools/inca/files/CDS_INHCONN' (cds.lib command ignored).
DEFINE cds_spicelib ./CDS_SPICELIB
|
xmsim: *W,DLCPTH (/tools/cadence/XCELIUM2403/tools/inca/files/cdsvhdl.lib,14): cds.lib Invalid path '/tools/cadence/XCELIUM2403/tools/inca/files/CDS_SPICELIB' (cds.lib command ignored).
DEFINE cds_amsfunctions ./CDS_AMSFUNCTIONS
|
xmsim: *W,DLCPTH (/tools/cadence/XCELIUM2403/tools/inca/files/cdsvhdl.lib,15): cds.lib Invalid path '/tools/cadence/XCELIUM2403/tools/inca/files/CDS_AMSFUNCTIONS' (cds.lib command ignored)
.
Loading snapshot worklib.top_tb:sv .................... Done
SVSEED default: 1
xcelium> source /tools/cadence/XCELIUM2403/tools/xcelium/files/xmsimrc
xcelium> run
top_tb.TOP.PIXEL_DMA AXI_MAX_BURST_LEN=16
top_tb.TOP.WEIGHTS_DMA AXI_MAX_BURST_LEN=16
Starting model_setup()
DEBUG: Reading from file ../vectors/wbx.bin
model_setup done
0-------- iw_kw2 0 done
0-------- iw_kw2 1 done
0-------- iw_kw2 2 done
0-------- iw_kw2 3 done
0-------- iw_kw2 4 done
0-------- iw_kw2 5 done
0-------- iw_kw2 6 done
0-------- iw_kw2 7 done
0-------- iw_kw2 8 done
0-------- iw_kw2 9 done
0-------- iw_kw2 10 done
0-------- iw_kw2 11 done
0-------- iw_kw2 12 done
0-------- iw_kw2 13 done
0-------- iw_kw2 14 done
0-------- iw_kw2 15 done
0-------- iw_kw2 16 done
0-------- iw_kw2 17 done
0-------- iw_kw2 18 done
0-------- iw_kw2 19 done
0-------- iw_kw2 20 done
0-------- iw_kw2 21 done
0-------- iw_kw2 22 done
0-------- iw_kw2 23 done
0-------- iw_kw2 24 done
0-------- il 0 done
0-------- iw_kw2 0 done
0-------- iw_kw2 1 done
0-------- iw_kw2 2 done
0-------- iw_kw2 3 done
0-------- iw_kw2 4 done
0-------- iw_kw2 5 done
0-------- iw_kw2 6 done
0-------- iw_kw2 7 done
0-------- iw_kw2 8 done
0-------- iw_kw2 9 done
0-------- iw_kw2 10 done
0-------- iw_kw2 11 done
0-------- iw_kw2 12 done
0-------- iw_kw2 13 done
0-------- iw_kw2 14 done
0-------- iw_kw2 15 done
0-------- iw_kw2 16 done
0-------- iw_kw2 17 done
0-------- iw_kw2 18 done
0-------- iw_kw2 19 done
0-------- iw_kw2 20 done
0-------- iw_kw2 21 done
0-------- iw_kw2 22 done
0-------- iw_kw2 23 done
0-------- iw_kw2 24 done
0-------- il 1 done
0-------- iw_kw2 0 done
0-------- iw_kw2 1 done
0-------- iw_kw2 2 done
0-------- iw_kw2 3 done
0-------- iw_kw2 4 done
0-------- iw_kw2 5 done
0-------- iw_kw2 6 done
0-------- iw_kw2 7 done
0-------- iw_kw2 8 done
0-------- iw_kw2 9 done
0-------- iw_kw2 10 done
0-------- iw_kw2 11 done
0-------- iw_kw2 12 done
0-------- iw_kw2 13 done
0-------- iw_kw2 14 done
0-------- iw_kw2 15 done
0-------- iw_kw2 16 done
0-------- iw_kw2 17 done
0-------- iw_kw2 18 done
0-------- iw_kw2 19 done
0-------- iw_kw2 20 done
0-------- iw_kw2 21 done
0-------- iw_kw2 22 done
0-------- iw_kw2 23 done
0-------- iw_kw2 24 done
0-------- il 2 done
0-------- iw_kw2 0 done
0-------- iw_kw2 1 done
0-------- iw_kw2 2 done
0-------- iw_kw2 3 done
0-------- iw_kw2 4 done
0-------- iw_kw2 5 done
0-------- iw_kw2 6 done
0-------- iw_kw2 7 done
0-------- iw_kw2 8 done
0-------- iw_kw2 9 done
0-------- iw_kw2 10 done
0-------- iw_kw2 11 done
0-------- iw_kw2 12 done
0-------- iw_kw2 13 done
0-------- iw_kw2 14 done
0-------- iw_kw2 15 done
0-------- iw_kw2 16 done
0-------- iw_kw2 17 done
0-------- iw_kw2 18 done
0-------- iw_kw2 19 done
0-------- iw_kw2 20 done
0-------- iw_kw2 21 done
0-------- iw_kw2 22 done
0-------- iw_kw2 23 done
0-------- iw_kw2 24 done
0-------- il 3 done
0-------- in 0 done
0------ it 0 done
0-------- iw_kw2 0 done
0-------- iw_kw2 1 done
0-------- iw_kw2 2 done
0-------- iw_kw2 3 done
0-------- iw_kw2 4 done
0-------- iw_kw2 5 done
0-------- iw_kw2 6 done
0-------- iw_kw2 7 done
0-------- iw_kw2 8 done
0-------- iw_kw2 9 done
0-------- iw_kw2 10 done
0-------- iw_kw2 11 done
0-------- iw_kw2 12 done
0-------- iw_kw2 13 done
0-------- iw_kw2 14 done
0-------- iw_kw2 15 done
0-------- iw_kw2 16 done
0-------- iw_kw2 17 done
0-------- iw_kw2 18 done
0-------- iw_kw2 19 done
0-------- iw_kw2 20 done
0-------- iw_kw2 21 done
0-------- iw_kw2 22 done
0-------- iw_kw2 23 done
0-------- iw_kw2 24 done
0-------- il 0 done
0-------- iw_kw2 0 done
0-------- iw_kw2 1 done
^[[A^[[A0-------- iw_kw2 2 done
^[[A^[[A0-------- iw_kw2 3 done
^[[A0-------- iw_kw2 4 done
^[[A0-------- iw_kw2 5 done
^[[A0-------- iw_kw2 6 done
0-------- iw_kw2 7 done
^[[A0-------- iw_kw2 8 done
0-------- iw_kw2 9 done
0-------- iw_kw2 10 done
0-------- iw_kw2 11 done
0-------- iw_kw2 12 done
0-------- iw_kw2 13 done
0-------- iw_kw2 14 done
0-------- iw_kw2 15 done
0-------- iw_kw2 16 done
0-------- iw_kw2 17 done
^[[A0-------- iw_kw2 18 done
^[[A^[[A0-------- iw_kw2 19 done
^[[A0-------- iw_kw2 20 done
^[[A0-------- iw_kw2 21 done
0-------- iw_kw2 22 done
0-------- iw_kw2 23 done
0-------- iw_kw2 24 done
0-------- il 1 done
0-------- iw_kw2 0 done
0-------- iw_kw2 1 done
0-------- iw_kw2 2 done
0-------- iw_kw2 3 done
0-------- iw_kw2 4 done
0-------- iw_kw2 5 done
0-------- iw_kw2 6 done
0-------- iw_kw2 7 done
0-------- iw_kw2 8 done
^[[A0-------- iw_kw2 9 done
^[[A0-------- iw_kw2 10 done
^[[A0-------- iw_kw2 11 done
0-------- iw_kw2 12 done
^[[A0-------- iw_kw2 13 done
0-------- iw_kw2 14 done
0-------- iw_kw2 15 done
0-------- iw_kw2 16 done
0-------- iw_kw2 17 done
0-------- iw_kw2 18 done
0-------- iw_kw2 19 done
0-------- iw_kw2 20 done
0-------- iw_kw2 21 done
0-------- iw_kw2 22 done
0-------- iw_kw2 23 done
0-------- iw_kw2 24 done
0-------- il 2 done
0-------- iw_kw2 0 done
0-------- iw_kw2 1 done
0-------- iw_kw2 2 done
0-------- iw_kw2 3 done
0-------- iw_kw2 4 done
0-------- iw_kw2 5 done
0-------- iw_kw2 6 done
0-------- iw_kw2 7 done
0-------- iw_kw2 8 done
0-------- iw_kw2 9 done
0-------- iw_kw2 10 done
0-------- iw_kw2 11 done
0-------- iw_kw2 12 done
0-------- iw_kw2 13 done
0-------- iw_kw2 14 done
0-------- iw_kw2 15 done
0-------- iw_kw2 16 done
0-------- iw_kw2 17 done
0-------- iw_kw2 18 done
0-------- iw_kw2 19 done
0-------- iw_kw2 20 done
0-------- iw_kw2 21 done
0-------- iw_kw2 22 done
0-------- iw_kw2 23 done
0-------- iw_kw2 24 done
0-------- il 3 done
0-------- in 0 done
0------ it 1 done
0-------- iw_kw2 0 done
0-------- iw_kw2 1 done
0-------- iw_kw2 2 done
0-------- iw_kw2 3 done
0-------- iw_kw2 4 done
0-------- iw_kw2 5 done
0-------- iw_kw2 6 done
0-------- iw_kw2 7 done
0-------- iw_kw2 8 done
0-------- iw_kw2 9 done
0-------- iw_kw2 10 done
0-------- iw_kw2 11 done
0-------- iw_kw2 12 done
0-------- iw_kw2 13 done
0-------- iw_kw2 14 done
0-------- iw_kw2 15 done
0-------- iw_kw2 16 done
0-------- iw_kw2 17 done
0-------- iw_kw2 18 done
0-------- iw_kw2 19 done
0-------- iw_kw2 20 done
0-------- iw_kw2 21 done
0-------- iw_kw2 22 done
0-------- iw_kw2 23 done
0-------- iw_kw2 24 done
0-------- il 0 done
0-------- iw_kw2 0 done
0-------- iw_kw2 1 done
0-------- iw_kw2 2 done
0-------- iw_kw2 3 done
0-------- iw_kw2 4 done
0-------- iw_kw2 5 done
0-------- iw_kw2 6 done
0-------- iw_kw2 7 done
0-------- iw_kw2 8 done
0-------- iw_kw2 9 done
0-------- iw_kw2 10 done
0-------- iw_kw2 11 done
0-------- iw_kw2 12 done
0-------- iw_kw2 13 done
0-------- iw_kw2 14 done
0-------- iw_kw2 15 done
0-------- iw_kw2 16 done
0-------- iw_kw2 17 done
0-------- iw_kw2 18 done
0-------- iw_kw2 19 done
0-------- iw_kw2 20 done
0-------- iw_kw2 21 done
0-------- iw_kw2 22 done
0-------- iw_kw2 23 done
0-------- iw_kw2 24 done
0-------- il 1 done
0-------- iw_kw2 0 done
0-------- iw_kw2 1 done
0-------- iw_kw2 2 done
0-------- iw_kw2 3 done
0-------- iw_kw2 4 done
0-------- iw_kw2 5 done
0-------- iw_kw2 6 done
0-------- iw_kw2 7 done
0-------- iw_kw2 8 done
0-------- iw_kw2 9 done
0-------- iw_kw2 10 done
0-------- iw_kw2 11 done
0-------- iw_kw2 12 done
0-------- iw_kw2 13 done
0-------- iw_kw2 14 done
0-------- iw_kw2 15 done
0-------- iw_kw2 16 done
0-------- iw_kw2 17 done
0-------- iw_kw2 18 done
0-------- iw_kw2 19 done
0-------- iw_kw2 20 done
0-------- iw_kw2 21 done
0-------- iw_kw2 22 done
0-------- iw_kw2 23 done
0-------- iw_kw2 24 done
0-------- il 2 done
0-------- iw_kw2 0 done
0-------- iw_kw2 1 done
0-------- iw_kw2 2 done
0-------- iw_kw2 3 done
0-------- iw_kw2 4 done
0-------- iw_kw2 5 done
0-------- iw_kw2 6 done
0-------- iw_kw2 7 done
0-------- iw_kw2 8 done
0-------- iw_kw2 9 done
0-------- iw_kw2 10 done
0-------- iw_kw2 11 done
0-------- iw_kw2 12 done
0-------- iw_kw2 13 done
0-------- iw_kw2 14 done
0-------- iw_kw2 15 done
0-------- iw_kw2 16 done
0-------- iw_kw2 17 done
0-------- iw_kw2 18 done
0-------- iw_kw2 19 done
0-------- iw_kw2 20 done
0-------- iw_kw2 21 done
0-------- iw_kw2 22 done
0-------- iw_kw2 23 done
0-------- iw_kw2 24 done
0-------- il 3 done
0-------- in 0 done
0------ it 2 done
0--- ip 0 done
0- done bundle!! ib:0
1-------- iw_kw2 0 done
1-------- iw_kw2 1 done
1-------- iw_kw2 2 done
1-------- iw_kw2 3 done
1-------- iw_kw2 4 done
1-------- iw_kw2 5 done
1-------- iw_kw2 6 done
1-------- iw_kw2 7 done
1-------- iw_kw2 8 done
1-------- iw_kw2 9 done
1-------- il 0 done
1-------- in 0 done
1------ it 0 done
1--- ip 0 done
1- done bundle!! ib:1
2-------- iw_kw2 0 done
2-------- iw_kw2 1 done
2-------- iw_kw2 2 done
2-------- iw_kw2 3 done
2-------- iw_kw2 4 done
2-------- iw_kw2 5 done
2-------- iw_kw2 6 done
2-------- il 0 done
2-------- in 0 done
2------ it 0 done
2-------- iw_kw2 0 done
2-------- iw_kw2 1 done
2-------- iw_kw2 2 done
2-------- iw_kw2 3 done
2-------- iw_kw2 4 done
2-------- iw_kw2 5 done
2-------- iw_kw2 6 done
2-------- il 0 done
2-------- in 0 done
2------ it 1 done
2-------- iw_kw2 0 done
2-------- iw_kw2 1 done
2-------- iw_kw2 2 done
2-------- iw_kw2 3 done
2-------- iw_kw2 4 done
2-------- iw_kw2 5 done
2-------- iw_kw2 6 done
2-------- il 0 done
2-------- in 0 done
2------ it 2 done
2--- ip 0 done
2- done bundle!! ib:2
3-------- iw_kw2 0 done
3-------- iw_kw2 1 done
3-------- iw_kw2 2 done
3-------- iw_kw2 3 done
3-------- iw_kw2 4 done
3-------- iw_kw2 5 done
3-------- iw_kw2 6 done
3-------- iw_kw2 7 done
3-------- il 0 done
3-------- in 0 done
3------ it 0 done
3-------- iw_kw2 0 done
3-------- iw_kw2 1 done
3-------- iw_kw2 2 done
3-------- iw_kw2 3 done
3-------- iw_kw2 4 done
3-------- iw_kw2 5 done
3-------- iw_kw2 6 done
3-------- iw_kw2 7 done
3-------- il 0 done
3-------- in 0 done
3------ it 1 done
3--- ip 0 done
3- done bundle!! ib:3
4-------- iw_kw2 0 done
4-------- iw_kw2 1 done
4-------- iw_kw2 2 done
4-------- iw_kw2 3 done
4-------- iw_kw2 4 done
4-------- iw_kw2 5 done
4-------- iw_kw2 6 done
4-------- iw_kw2 7 done
4-------- iw_kw2 8 done
4-------- il 0 done
4-------- in 0 done
4------ it 0 done
4-------- iw_kw2 0 done
4-------- iw_kw2 1 done
4-------- iw_kw2 2 done
4-------- iw_kw2 3 done
4-------- iw_kw2 4 done
4-------- iw_kw2 5 done
4-------- iw_kw2 6 done
4-------- iw_kw2 7 done
4-------- iw_kw2 8 done
4-------- il 0 done
4-------- in 0 done
4------ it 1 done
4-------- iw_kw2 0 done
4-------- iw_kw2 1 done
4-------- iw_kw2 2 done
4-------- iw_kw2 3 done
4-------- iw_kw2 4 done
4-------- iw_kw2 5 done
4-------- iw_kw2 6 done
4-------- iw_kw2 7 done
4-------- iw_kw2 8 done
4-------- il 0 done
4-------- in 0 done
4------ it 2 done
4--- ip 0 done
4- done bundle!! ib:4
5-------- iw_kw2 0 done
5-------- iw_kw2 1 done
5-------- iw_kw2 2 done
5-------- iw_kw2 3 done
5-------- iw_kw2 4 done
5-------- iw_kw2 5 done
5-------- iw_kw2 6 done
5-------- iw_kw2 7 done
5-------- iw_kw2 8 done
5-------- iw_kw2 9 done
5-------- il 0 done
5-------- in 0 done
5------ it 0 done
5--- ip 0 done
5- done bundle!! ib:5
6-------- iw_kw2 0 done
6-------- il 0 done
6-------- in 0 done
6------ it 0 done
6--- ip 0 done
6-------- iw_kw2 0 done
6-------- il 0 done
6-------- in 0 done
6------ it 0 done
6--- ip 1 done
6- done bundle!! ib:6
done all bundles!!
Simulation complete via $finish(1) at time 66058010 PS + 2
/home/cadence/.local/lib/python3.11/site-packages/deepsocflow/test/sv/top_tb.sv:214     $finish;
xcelium> exit
TOOL:	xrun(64)	24.03-s009: Exiting on Jun 08, 2026 at 06:50:21 UTC  (total: 00:00:13)


SIMULATION TIME: 13.49 seconds


Bundle 0, Error: 0. Passed
Bundle 1, Error: 0. Passed
Bundle 2, Error: 0. Passed
Bundle 3, Error: 0. Passed
Bundle 4, Error: 0. Passed
Bundle 5, Error: 0. Passed
Bundle 6, Error: 6.1802566051483154e-06. Passed
---0: util:59.48 mem_mb:0.04 b.r.XN=1 b.r.XH=28 b.r.XW=28 b.r.CI=1 b.r.CO=8 b.r.KH=7 b.r.KW=7
---1: util:25.64 mem_mb:0.01 b.r.XN=1 b.r.XH=7 b.r.XW=10 b.r.CI=8 b.r.CO=8 b.r.KH=1 b.r.KW=1
---2: util:66.74 mem_mb:0.03 b.r.XN=1 b.r.XH=7 b.r.XW=10 b.r.CI=8 b.r.CO=8 b.r.KH=7 b.r.KW=7
---3: util:70.97 mem_mb:0.02 b.r.XN=1 b.r.XH=7 b.r.XW=10 b.r.CI=8 b.r.CO=8 b.r.KH=5 b.r.KW=5
---4: util:83.67 mem_mb:0.02 b.r.XN=1 b.r.XH=7 b.r.XW=10 b.r.CI=8 b.r.CO=24 b.r.KH=3 b.r.KW=3
---5: util:34.86 mem_mb:0.01 b.r.XN=1 b.r.XH=7 b.r.XW=10 b.r.CI=24 b.r.CO=10 b.r.KH=1 b.r.KW=1
---6: util:5.18 mem_mb:0.05 b.r.XN=1 b.r.XH=1 b.r.XW=1 b.r.CI=700 b.r.CO=10 b.r.KH=1 b.r.KW=1
Predicted Performance
{   'clocks_all': [2691, 91, 1713, 822, 753, 251, 704],
    'clocks_total': 7025,
    'frames_per_sec': 284697.50889679714,
    'g_ops': 0.000788088,
    'mem_bytes_all': [5236.0, 656.0, 3616.0, 2120.0, 3024.0, 1478.0, 6972.0],
    'mem_bytes_total': 23102.0,
    'ms_per_frame': 0.0035125,
    'operations': [307328, 4480, 219520, 112000, 120960, 16800, 7000],
    'seconds_per_batch': 2.81e-05,
    'utilization_all': [   0.59482224699616,
                           0.2564102564102564,
                           0.6674450282156061,
                           0.7096512570965126,
                           0.8366533864541833,
                           0.34860557768924305,
                           0.051787405303030304]}
[cadence@mun work]$
