  =================
   Message Summary
  =================
---------------------------------------------------------------------------
|   Id    |  Sev  |Count|                  Message Text                   |
---------------------------------------------------------------------------
|CFM-1    |Info   |    1|Wrote dofile.                                    |
|CFM-5    |Info   |    1|Wrote formal verification information.           |
|GLO-32   |Info   |    1|Deleting sequential instances not driving any    |
|         |       |     | primary outputs.                                |
|         |       |     |Optimizations such as constant propagation or    |
|         |       |     | redundancy removal could change the connections |
|         |       |     | so an instance does not drive any primary       |
|         |       |     | outputs anymore. To see the list of deleted     |
|         |       |     | sequential, set the 'information_level'         |
|         |       |     | attribute to 2 or above. If the message is      |
|         |       |     | truncated set the message attribute 'truncate'  |
|         |       |     | to false to see the complete list.              |
|INVS-8   |Info   |    1|Innovus executable found.                        |
|         |       |     |The specified Innovus executable will be used for|
|         |       |     | the Innovus batch jobs.                         |
|INVS-13  |Info   |    1|The design has been changed by Innovus.          |
|         |       |     |The design was changed during QoS prediction.    |
|         |       |     | This may include netlist structural changes.    |
|INVS-18  |Info   |    1|The following executable version was used for the|
|         |       |     | Innovus session.                                |
|         |       |     |The specified Innovus version was used for the   |
|         |       |     | Innovus batch job.                              |
|LBR-72   |Info   |  192|Detected an unsupported timing arc type.         |
|         |       |     |Refer to 'Supported Liberty timing_type Values'  |
|         |       |     | in the 'Timing Analysis Guide' for more         |
|         |       |     | information.                                    |
|LBR-109  |Info   |    1|Set default library domain.                      |
|LBR-415  |Info   |   60|Unusable library cells found at the time of      |
|         |       |     | loading a library.                              |
|         |       |     |For  more  information, refer to 'Cells          |
|         |       |     | Identified as Unusable' in the 'User Guide'. To |
|         |       |     | know the reason why a cell is considered as     |
|         |       |     | unusable, check 'unusable_reason' libcell       |
|         |       |     | attribute.                                      |
|PA-7     |Info   |    4|Resetting power analysis results.                |
|         |       |     |All computed switching activities are removed.   |
|PHYS-12  |Warning|    2|The variant range of wire parameters is too      |
|         |       |     | large. An example of wire parameters are, a     |
|         |       |     | WIDTH for layer, PITCH for layer, MINSPACING for|
|         |       |     | layers, etc.                                    |
|         |       |     |Check the consistency of the parameters, and see |
|         |       |     | if you can ignore this message or you're using  |
|         |       |     | different LEF file with wrong parameters.       |
|PHYS-25  |Warning|    1|Minimum width of layer in LEF does not match     |
|         |       |     | minimum width of layer in cap table.            |
|         |       |     |Compare the layer MinWidth of the cap_table_file |
|         |       |     | with the MinWidth (WIDTH)                       |
|         |       |     | of the corresponding layer in LEF. Set the      |
|         |       |     | attribute 'shrink_factor' to adjust the MinWidth|
|         |       |     | layer value in the captable file                |
|PHYS-52  |Info   |    1|Physical information has been annotated.         |
|         |       |     |The physical information for the design has been |
|         |       |     | prepared and annotated.                         |
|PHYS-181 |Info   |   57|Full preserve set on instance.                   |
|         |       |     |This message has a default max print count of    |
|         |       |     | '10', which can be changed by setting the       |
|         |       |     | 'max_print' attribute.                          |
|PHYS-266 |Warning|   10|Cannot find this net.                            |
|PHYS-1019|Warning|    1|There are settings for use of this physical      |
|         |       |     | process that should be reviewed as they are     |
|         |       |     | likely inappropriate.                           |
|         |       |     |Review associated messages in log file.          |
|PHYS-1025|Warning|    1|Path-groups have been reset before iSpatial.     |
|         |       |     |Recreation of path-groups is left to the user    |
|         |       |     | after iSpatial for reporting.                   |
|PHYS-2257|Warning|   12|Net specified in pin is undefined in the netlist.|
|RPT-16   |Info   |    1|Joules engine is used.                           |
|RPT-303  |Info   |    1|All commands in the queue are launched.          |
|RPT-310  |Info   |    3|No command left in the queue to be launched.     |
|ST-110   |Info   |   14|Connection established with super-threading      |
|         |       |     | server.                                         |
|         |       |     |The tool is entering super-threading mode and has|
|         |       |     | established a connection with a CPU server      |
|         |       |     | process.  This is enabled by the root attributes|
|         |       |     | 'super_thread_servers' or 'auto_super_thread'.  |
|ST-112   |Info   |   21|A super-threading server has been shut down      |
|         |       |     | normally.                                       |
|         |       |     |A super-threaded optimization is complete and a  |
|         |       |     | CPU server was successfully shut down.          |
|ST-128   |Info   |    2|Super thread servers are launched successfully.  |
|SYNTH-5  |Info   |    1|Done mapping.                                    |
|TIM-45   |Info   |    2|AAE enabled for delay calculation.               |
|TUI-58   |Info   |    7|Removed object.                                  |
---------------------------------------------------------------------------
