  =================
   Message Summary
  =================
---------------------------------------------------------------------------
|   Id    |  Sev  |Count|                  Message Text                   |
---------------------------------------------------------------------------
|CFM-1    |Info   |    1|Wrote dofile.                                    |
|CFM-5    |Info   |    1|Wrote formal verification information.           |
|GLO-32   |Info   |    1|Deleting sequential instances not driving any    |
|         |       |     | primary outputs.                                |
|         |       |     |Optimizations such as constant propagation or    |
|         |       |     | redundancy removal could change the connections |
|         |       |     | so an instance does not drive any primary       |
|         |       |     | outputs anymore. To see the list of deleted     |
|         |       |     | sequential, set the 'information_level'         |
|         |       |     | attribute to 2 or above. If the message is      |
|         |       |     | truncated set the message attribute 'truncate'  |
|         |       |     | to false to see the complete list.              |
|GLO-51   |Info   |    1|Hierarchical instance automatically ungrouped.   |
|         |       |     |Hierarchical instances can be automatically      |
|         |       |     | ungrouped to allow for better area or timing    |
|         |       |     | optimization. To prevent this ungroup, set the  |
|         |       |     | root-level attribute 'auto_ungroup' to 'none'.  |
|         |       |     | You can also prevent individual ungroup with    |
|         |       |     | setting the attribute 'ungroup_ok' of instances |
|         |       |     | or modules to 'false'.                          |
|INVS-8   |Info   |    1|Innovus executable found.                        |
|         |       |     |The specified Innovus executable will be used for|
|         |       |     | the Innovus batch jobs.                         |
|INVS-13  |Info   |    1|The design has been changed by Innovus.          |
|         |       |     |The design was changed during QoS prediction.    |
|         |       |     | This may include netlist structural changes.    |
|INVS-18  |Info   |    1|The following executable version was used for the|
|         |       |     | Innovus session.                                |
|         |       |     |The specified Innovus version was used for the   |
|         |       |     | Innovus batch job.                              |
|LBR-9    |Warning|  378|Library cell has no output pins defined.         |
|         |       |     |Add the missing output pin(s)                    |
|         |       |     | , then reload the library. Else the library cell|
|         |       |     | will be marked as timing model i.e. unusable.   |
|         |       |     | Timing_model means that the cell does not have  |
|         |       |     | any defined function. If there is no output pin,|
|         |       |     | Genus will mark library cell as unusable i.e.   |
|         |       |     | the attribute 'usable' will be marked to 'false'|
|         |       |     | on the libcell. Therefore, the cell is not used |
|         |       |     | for mapping and it will not be picked up from   |
|         |       |     | the library for synthesis. If you query the     |
|         |       |     | attribute 'unusable_reason' on the libcell;     |
|         |       |     | result will be: 'Library cell has no output     |
|         |       |     | pins.'Note: The message LBR-9 is only for the   |
|         |       |     | logical pins and not for the power_ground pins. |
|         |       |     | Genus will depend upon the output function      |
|         |       |     | defined in the pin group (output pin)           |
|         |       |     | of the cell, to use it for mapping. The pg_pin  |
|         |       |     | will not have any function defined.             |
|LBR-22   |Warning| 7002|Multiply-defined library cell.                   |
|         |       |     |Library cell names must be unique.  Any          |
|         |       |     | duplicates will be deleted.  Only the first     |
|         |       |     | (as determined by the order of libraries)       |
|         |       |     | will be retained.                               |
|LBR-38   |Warning|   33|Libraries have inconsistent nominal operating    |
|         |       |     | conditions. In the Liberty library, there are   |
|         |       |     | attributes called nom_voltage, nom_process and  |
|         |       |     | nom_temperature. Genus reports the message, if  |
|         |       |     | the respective values of the 2 given .libs      |
|         |       |     | differ.                                         |
|         |       |     |This is a common source of delay calculation     |
|         |       |     | confusion and should be avoided.                |
|LBR-40   |Info   |  558|An unsupported construct was detected in this    |
|         |       |     | library.                                        |
|         |       |     |Check to see if this construct is really needed  |
|         |       |     | for synthesis. Many liberty constructs are not  |
|         |       |     | actually required.                              |
|LBR-41   |Info   |  468|An output library pin lacks a function attribute.|
|         |       |     |If the remainder of this library cell's semantic |
|         |       |     | checks are successful, it will be considered as |
|         |       |     | a timing-model                                  |
|         |       |     | (because one of its outputs does not have a vali|
|         |       |     | d function.                                     |
|LBR-72   |Info   |  176|Detected an unsupported timing arc type.         |
|         |       |     |Refer to 'Supported Liberty timing_type Values'  |
|         |       |     | in the 'Timing Analysis Guide' for more         |
|         |       |     | information.                                    |
|LBR-109  |Info   |    1|Set default library domain.                      |
|LBR-110  |Warning| 3501|Cannot modify the attribute after loading        |
|         |       |     | library(s).                                     |
|         |       |     |You must set the attribute before you set the    |
|         |       |     | 'library' attribute.                            |
|LBR-155  |Info   | 1408|Mismatch in unateness between 'timing_sense'     |
|         |       |     | attribute and the function.                     |
|         |       |     |The 'timing_sense' attribute will be respected.  |
|LBR-162  |Info   |  309|Both 'pos_unate' and 'neg_unate' timing_sense    |
|         |       |     | arcs have been processed.                       |
|         |       |     |Setting the 'timing_sense' to non_unate.         |
|LBR-168  |Warning|    1|Invalid library establishment.                   |
|         |       |     |Establish library after setting the default      |
|         |       |     | library domain.                                 |
|LBR-412  |Info   |   36|Created nominal operating condition.             |
|         |       |     |The nominal operating condition is represented,  |
|         |       |     | either by the nominal PVT values specified in   |
|         |       |     | the library source                              |
|         |       |     | (via nom_process,nom_voltage and nom_temperature|
|         |       |     | respectively)                                   |
|         |       |     | , or by the default PVT values (1.0,1.0,1.0).   |
|LBR-415  |Info   |   55|Unusable library cells found at the time of      |
|         |       |     | loading a library.                              |
|         |       |     |For  more  information, refer to 'Cells          |
|         |       |     | Identified as Unusable' in the 'User Guide'. To |
|         |       |     | know the reason why a cell is considered as     |
|         |       |     | unusable, check 'unusable_reason' libcell       |
|         |       |     | attribute.                                      |
|LBR-518  |Info   |  468|Missing a function attribute in the output pin   |
|         |       |     | definition.                                     |
|LBR-785  |Info   | 7002|Stored shadowed libcells.                        |
|         |       |     |Before deleting duplicate libcells, their names  |
|         |       |     | are stored.                                     |
|MESG-6   |Warning|    5|Message truncated because it exceeds the maximum |
|         |       |     | length of 4096 characters.                      |
|         |       |     |By default messages are limited to 4096          |
|         |       |     | characters. All characters after the 4096       |
|         |       |     | character limit are truncated. To remove this   |
|         |       |     | limit, set the message attribute 'truncate' to  |
|         |       |     | 'false'. However, this may dramatically increase|
|         |       |     | the size of the log file.                       |
|PA-7     |Info   |    4|Resetting power analysis results.                |
|         |       |     |All computed switching activities are removed.   |
|PHYS-12  |Warning|    2|The variant range of wire parameters is too      |
|         |       |     | large. An example of wire parameters are, a     |
|         |       |     | WIDTH for layer, PITCH for layer, MINSPACING for|
|         |       |     | layers, etc.                                    |
|         |       |     |Check the consistency of the parameters, and see |
|         |       |     | if you can ignore this message or you're using  |
|         |       |     | different LEF file with wrong parameters.       |
|PHYS-25  |Warning|    1|Minimum width of layer in LEF does not match     |
|         |       |     | minimum width of layer in cap table.            |
|         |       |     |Compare the layer MinWidth of the cap_table_file |
|         |       |     | with the MinWidth (WIDTH)                       |
|         |       |     | of the corresponding layer in LEF. Set the      |
|         |       |     | attribute 'shrink_factor' to adjust the MinWidth|
|         |       |     | layer value in the captable file                |
|PHYS-52  |Info   |    1|Physical information has been annotated.         |
|         |       |     |The physical information for the design has been |
|         |       |     | prepared and annotated.                         |
|PHYS-90  |Info   |    3|Generating design database.                      |
|         |       |     |The database contains all the files required to  |
|         |       |     | restore the design in the specified application.|
|PHYS-181 |Info   |   57|Full preserve set on instance.                   |
|         |       |     |This message has a default max print count of    |
|         |       |     | '10', which can be changed by setting the       |
|         |       |     | 'max_print' attribute.                          |
|PHYS-256 |Warning|    2|Annotated physical data will be ignored for      |
|         |       |     | timing analysis.                                |
|PHYS-262 |Warning|    2|Small lumped capacitance will be ignored.        |
|PHYS-266 |Warning|    6|Cannot find this net.                            |
|PHYS-279 |Warning|   96|Physical cell not defined in library.            |
|         |       |     |Ensure that the proper library files are         |
|         |       |     | available and have been imported.               |
|PHYS-1019|Warning|    1|There are settings for use of this physical      |
|         |       |     | process that should be reviewed as they are     |
|         |       |     | likely inappropriate.                           |
|         |       |     |Review associated messages in log file.          |
|PHYS-1025|Warning|    1|Path-groups have been reset before iSpatial.     |
|         |       |     |Recreation of path-groups is left to the user    |
|         |       |     | after iSpatial for reporting.                   |
|PHYS-2257|Warning|   12|Net specified in pin is undefined in the netlist.|
|RPT-16   |Info   |    1|Joules engine is used.                           |
|RPT-303  |Info   |    2|All commands in the queue are launched.          |
|RPT-310  |Info   |    2|No command left in the queue to be launched.     |
|ST-110   |Info   |   14|Connection established with super-threading      |
|         |       |     | server.                                         |
|         |       |     |The tool is entering super-threading mode and has|
|         |       |     | established a connection with a CPU server      |
|         |       |     | process.  This is enabled by the root attributes|
|         |       |     | 'super_thread_servers' or 'auto_super_thread'.  |
|ST-112   |Info   |   21|A super-threading server has been shut down      |
|         |       |     | normally.                                       |
|         |       |     |A super-threaded optimization is complete and a  |
|         |       |     | CPU server was successfully shut down.          |
|ST-128   |Info   |    2|Super thread servers are launched successfully.  |
|SYNTH-5  |Info   |    1|Done mapping.                                    |
|TIM-45   |Info   |    2|AAE enabled for delay calculation.               |
|TUI-58   |Info   |    7|Removed object.                                  |
|TUI-82   |Warning|    1|Enabling message severity downgrade.             |
---------------------------------------------------------------------------
