 ------------------------------------------------------------------------------------------------------------------------------------------------------- 
| Snapshot                | WNS                  | TNS                  | Density (%) | Hotspot                   | Resource               | DRVs       |
|                         | HEPG (ns) | ALL (ns) | HEPG (ns) | ALL (ns) |             | Max (bins) | Total (bins) | Real (s) | Memory (MB) | Tran | Cap |
|-------------------------+-----------+----------+-----------+----------+-------------+------------+--------------+----------+-------------+------+-----|
| initial_summary         |           |   -0.605 |           |     -146 |       51.64 |            |              | 0:00:03  |        5745 |    0 |   1 |
| simplify_netlist        |           |          |           |          |             |            |              | 0:00:02  |        5748 |      |     |
| drv_fixing              |     0.246 |    0.246 |         0 |        0 |       52.64 |            |              | 0:00:01  |        5896 |      |     |
| global_opt              |           |    0.246 |           |        0 |       52.64 |            |              | 0:00:02  |        5931 |      |     |
| area_reclaiming         |     0.012 |    0.012 |         0 |        0 |       51.73 |            |              | 0:00:04  |        5961 |      |     |
| incremental_replacement |    -0.048 |   -0.048 |           |       -0 |             |       0.00 |         0.00 | 0:00:12  |        5970 |      |     |
| tns_fixing              |     0.087 |    0.087 |         0 |        0 |       51.74 |            |              | 0:00:03  |        6864 |      |     |
| area_reclaiming_2       |     0.042 |    0.042 |         0 |        0 |       51.71 |            |              | 0:00:03  |        6239 |      |     |
| area_reclaiming_3       |     0.042 |    0.042 |         0 |        0 |       51.71 |            |              | 0:00:01  |        6237 |      |     |
| drv_eco_fixing          |     0.042 |    0.042 |         0 |        0 |       51.74 |            |              | 0:00:02  |        6236 |    0 |   0 |
| final_summary           |     0.042 |    0.042 |           |        0 |       51.74 |            |              | 0:00:02  |        6079 |    0 |   0 |
 ------------------------------------------------------------------------------------------------------------------------------------------------------- 
