
  Total Time (Wall) |  Stage Time (Wall)  |   % (Wall)   |    Date - Time     |  Memory   | Stage
--------------------+---------------------+--------------+--------------------+-----------+----------------------
 00:00:06(00:00:06) |  00:00:00(00:00:00) |   0.0(  0.0) |   12:36:16 (Jun23) |  384.7 MB | loading_basic_settings
--------------------+---------------------+--------------+--------------------+-----------+----------------------
 00:00:34(00:00:13) |  00:00:28(00:00:07) |   0.5(  0.1) |   12:36:23 (Jun23) |   1.35 GB | init_libraries
--------------------+---------------------+--------------+--------------------+-----------+----------------------
 00:00:34(00:00:13) |  00:00:00(00:00:00) |   0.0(  0.0) |   12:36:23 (Jun23) |   1.35 GB | read_rtl
--------------------+---------------------+--------------+--------------------+-----------+----------------------
 00:00:53(00:00:33) |  00:00:19(00:00:20) |   0.3(  0.1) |   12:36:43 (Jun23) |   1.72 GB | post_elaboration
--------------------+---------------------+--------------+--------------------+-----------+----------------------
 00:01:09(00:01:10) |  00:00:16(00:00:37) |   0.3(  0.3) |   12:37:20 (Jun23) |   2.65 GB | init_design
--------------------+---------------------+--------------+--------------------+-----------+----------------------
 00:01:37(00:03:47) |  00:00:28(00:02:37) |   0.5(  1.1) |   12:39:57 (Jun23) |   2.96 GB | predict_floorplan
--------------------+---------------------+--------------+--------------------+-----------+----------------------
 01:15:10(01:10:32) |  01:13:32(01:06:45) |  77.6( 29.1) |   13:46:42 (Jun23) |   6.77 GB | rtl_floorplanning_syn_generic
--------------------+---------------------+--------------+--------------------+-----------+----------------------
 01:30:35(01:26:05) |  00:15:24(00:15:33) |  16.3(  6.8) |   14:02:15 (Jun23) |   7.41 GB | rtl_floorplanning_syn_map
--------------------+---------------------+--------------+--------------------+-----------+----------------------
 01:34:01(01:35:46) |  00:03:26(00:09:41) |   3.6(  4.2) |   14:11:56 (Jun23) |   8.08 GB | rtl_floorplanning_syn_opt
--------------------+---------------------+--------------+--------------------+-----------+----------------------
 01:34:50(03:48:04) |  00:00:49(02:12:18) |   0.9( 57.8) |   16:24:14 (Jun23) |   8.41 GB | export_post_synth
--------------------+---------------------+--------------+--------------------+-----------+----------------------
 01:34:50(03:49:06) |  00:00:00(00:01:02) |   0.0(  0.5) |   16:25:16 (Jun23) |   8.26 GB | export messages & metrics
--------------------+---------------------+--------------+--------------------+-----------+----------------------
Number of threads: 8 * 1   (id: synthesis, time_info v1.57)
Info: (*N*) indicates data that was populated from previously saved time_info database
Info: CPU time includes time of parent + longest thread
