
  Total Time (Wall) |  Stage Time (Wall)  |   % (Wall)   |    Date - Time     |  Memory   | Stage
--------------------+---------------------+--------------+--------------------+-----------+----------------------
 00:00:06(00:00:06) |  00:00:00(00:00:00) |   0.0(  0.0) |    8:54:11 (Jun14) |  333.4 MB | Loading_basic_settings
--------------------+---------------------+--------------+--------------------+-----------+----------------------
 00:00:34(00:00:13) |  00:00:28(00:00:07) |   0.5(  0.1) |    8:54:18 (Jun14) |   1.30 GB | init_libraries
--------------------+---------------------+--------------+--------------------+-----------+----------------------
 00:00:34(00:00:13) |  00:00:00(00:00:00) |   0.0(  0.0) |    8:54:18 (Jun14) |   1.30 GB | read_rtl
--------------------+---------------------+--------------+--------------------+-----------+----------------------
 00:00:53(00:00:32) |  00:00:19(00:00:19) |   0.3(  0.3) |    8:54:37 (Jun14) |   1.66 GB | post_elaboration
--------------------+---------------------+--------------+--------------------+-----------+----------------------
 00:01:09(00:01:09) |  00:00:16(00:00:37) |   0.3(  0.6) |    8:55:14 (Jun14) |   2.58 GB | init_design
--------------------+---------------------+--------------+--------------------+-----------+----------------------
 00:01:36(00:03:46) |  00:00:27(00:02:37) |   0.5(  2.6) |    8:57:51 (Jun14) |   2.90 GB | predict_floorplan
--------------------+---------------------+--------------+--------------------+-----------+----------------------
 01:12:10(01:08:03) |  01:10:33(01:04:17) |  75.2( 64.1) |   10:02:08 (Jun14) |   6.26 GB | rtl_floorplanning_syn_generic
--------------------+---------------------+--------------+--------------------+-----------+----------------------
 01:29:34(01:25:32) |  00:17:24(00:17:29) |  18.6( 17.4) |   10:19:37 (Jun14) |   8.17 GB | rtl_floorplanning_syn_map
--------------------+---------------------+--------------+--------------------+-----------+----------------------
 01:33:02(01:35:21) |  00:03:28(00:09:49) |   3.7(  9.8) |   10:29:26 (Jun14) |   8.08 GB | rtl_floorplanning_syn_opt
--------------------+---------------------+--------------+--------------------+-----------+----------------------
 01:33:53(01:39:25) |  00:00:51(00:04:04) |   0.9(  4.1) |   10:33:30 (Jun14) |   8.46 GB | export_post_synth
--------------------+---------------------+--------------+--------------------+-----------+----------------------
 01:33:53(01:40:26) |  00:00:00(00:01:01) |   0.0(  1.0) |   10:34:31 (Jun14) |   8.29 GB | export messages & metrics
--------------------+---------------------+--------------+--------------------+-----------+----------------------
Number of threads: 8 * 1   (id: synthesis, time_info v1.57)
Info: (*N*) indicates data that was populated from previously saved time_info database
Info: CPU time includes time of parent + longest thread
