
  Total Time (Wall) |  Stage Time (Wall)  |   % (Wall)   |    Date - Time     |  Memory   | Stage
--------------------+---------------------+--------------+--------------------+-----------+----------------------
 00:00:06(00:00:06) |  00:00:00(00:00:00) |   0.0(  0.0) |    6:48:49 (Jun15) |  336.9 MB | Loading_basic_settings
--------------------+---------------------+--------------+--------------------+-----------+----------------------
 00:00:34(00:00:13) |  00:00:28(00:00:07) |   0.5(  0.1) |    6:48:56 (Jun15) |   1.13 GB | init_libraries
--------------------+---------------------+--------------+--------------------+-----------+----------------------
 00:00:34(00:00:13) |  00:00:00(00:00:00) |   0.0(  0.0) |    6:48:56 (Jun15) |   1.13 GB | read_rtl
--------------------+---------------------+--------------+--------------------+-----------+----------------------
 00:00:53(00:00:33) |  00:00:19(00:00:20) |   0.3(  0.3) |    6:49:16 (Jun15) |   1.65 GB | post_elaboration
--------------------+---------------------+--------------+--------------------+-----------+----------------------
 00:01:09(00:01:10) |  00:00:16(00:00:37) |   0.3(  0.6) |    6:49:53 (Jun15) |   2.58 GB | init_design
--------------------+---------------------+--------------+--------------------+-----------+----------------------
 00:01:36(00:03:43) |  00:00:26(00:02:33) |   0.5(  2.6) |    6:52:26 (Jun15) |   2.90 GB | predict_floorplan
--------------------+---------------------+--------------+--------------------+-----------+----------------------
 01:13:28(01:09:14) |  01:11:51(01:05:31) |  77.6( 66.4) |    7:57:57 (Jun15) |   6.19 GB | rtl_floorplanning_syn_generic
--------------------+---------------------+--------------+--------------------+-----------+----------------------
 01:28:29(01:24:20) |  00:15:01(00:15:06) |  16.2( 15.3) |    8:13:03 (Jun15) |   7.96 GB | rtl_floorplanning_syn_map
--------------------+---------------------+--------------+--------------------+-----------+----------------------
 01:31:52(01:33:51) |  00:03:23(00:09:31) |   3.7(  9.6) |    8:22:34 (Jun15) |   7.76 GB | rtl_floorplanning_syn_opt
--------------------+---------------------+--------------+--------------------+-----------+----------------------
 01:32:41(01:37:48) |  00:00:48(00:03:57) |   0.9(  4.0) |    8:26:31 (Jun15) |   8.24 GB | export_post_synth
--------------------+---------------------+--------------+--------------------+-----------+----------------------
 01:32:41(01:38:49) |  00:00:00(00:01:01) |   0.0(  1.0) |    8:27:33 (Jun15) |   8.24 GB | export messages & metrics
--------------------+---------------------+--------------+--------------------+-----------+----------------------
Number of threads: 8 * 1   (id: synthesis, time_info v1.57)
Info: (*N*) indicates data that was populated from previously saved time_info database
Info: CPU time includes time of parent + longest thread
