
  Total Time (Wall) |  Stage Time (Wall)  |   % (Wall)   |    Date - Time     |  Memory   | Stage
--------------------+---------------------+--------------+--------------------+-----------+----------------------
 00:00:06(00:00:06) |  00:00:00(00:00:00) |   0.0(  0.0) |    6:00:33 (Jun14) |  342.5 MB | Loading_basic_settings
--------------------+---------------------+--------------+--------------------+-----------+----------------------
 00:00:33(00:00:12) |  00:00:27(00:00:06) |   0.3(  0.1) |    6:00:39 (Jun14) |   1.31 GB | init_libraries
--------------------+---------------------+--------------+--------------------+-----------+----------------------
 00:00:33(00:00:12) |  00:00:00(00:00:00) |   0.0(  0.0) |    6:00:39 (Jun14) |   1.31 GB | read_rtl
--------------------+---------------------+--------------+--------------------+-----------+----------------------
 00:00:52(00:00:32) |  00:00:19(00:00:20) |   0.2(  0.2) |    6:00:59 (Jun14) |   1.67 GB | post_elaboration
--------------------+---------------------+--------------+--------------------+-----------+----------------------
 00:01:09(00:01:09) |  00:00:17(00:00:37) |   0.2(  0.4) |    6:01:36 (Jun14) |   2.60 GB | init_design
--------------------+---------------------+--------------+--------------------+-----------+----------------------
 00:01:36(00:03:44) |  00:00:27(00:02:35) |   0.3(  1.5) |    6:04:11 (Jun14) |   2.91 GB | predict_floorplan
--------------------+---------------------+--------------+--------------------+-----------+----------------------
 01:57:43(01:53:44) |  01:56:07(01:50:00) |  77.4( 64.0) |    7:54:11 (Jun14) |   6.34 GB | rtl_floorplanning_syn_generic
--------------------+---------------------+--------------+--------------------+-----------+----------------------
 02:25:29(02:22:14) |  00:27:46(00:28:30) |  18.5( 16.6) |    8:22:41 (Jun14) |   7.47 GB | rtl_floorplanning_syn_map
--------------------+---------------------+--------------+--------------------+-----------+----------------------
 02:29:14(02:33:15) |  00:03:45(00:11:01) |   2.5(  6.4) |    8:33:42 (Jun14) |   8.53 GB | rtl_floorplanning_syn_opt
--------------------+---------------------+--------------+--------------------+-----------+----------------------
 02:30:13(02:50:53) |  00:00:58(00:17:38) |   0.6( 10.3) |    8:51:20 (Jun14) |   8.94 GB | export_post_synth
--------------------+---------------------+--------------+--------------------+-----------+----------------------
 02:30:13(02:51:54) |  00:00:00(00:01:01) |   0.0(  0.6) |    8:52:21 (Jun14) |   8.73 GB | export messages & metrics
--------------------+---------------------+--------------+--------------------+-----------+----------------------
Number of threads: 8 * 1   (id: synthesis, time_info v1.57)
Info: (*N*) indicates data that was populated from previously saved time_info database
Info: CPU time includes time of parent + longest thread
