
  Total Time (Wall) |  Stage Time (Wall)  |   % (Wall)   |    Date - Time     |  Memory   | Stage
--------------------+---------------------+--------------+--------------------+-----------+----------------------
 00:00:06(00:00:06) |  00:00:00(00:00:00) |   0.0(  0.0) |   16:41:45 (Jun15) |  338.4 MB | Loading_basic_settings
--------------------+---------------------+--------------+--------------------+-----------+----------------------
 00:00:34(00:00:13) |  00:00:28(00:00:07) |   0.5(  0.1) |   16:41:52 (Jun15) |   1.31 GB | init_libraries
--------------------+---------------------+--------------+--------------------+-----------+----------------------
 00:00:34(00:00:13) |  00:00:00(00:00:00) |   0.0(  0.0) |   16:41:52 (Jun15) |   1.31 GB | read_rtl
--------------------+---------------------+--------------+--------------------+-----------+----------------------
 00:00:53(00:00:32) |  00:00:19(00:00:19) |   0.3(  0.3) |   16:42:11 (Jun15) |   1.67 GB | post_elaboration
--------------------+---------------------+--------------+--------------------+-----------+----------------------
 00:01:09(00:01:09) |  00:00:16(00:00:37) |   0.3(  0.6) |   16:42:48 (Jun15) |   2.60 GB | init_design
--------------------+---------------------+--------------+--------------------+-----------+----------------------
 00:01:35(00:03:47) |  00:00:26(00:02:38) |   0.5(  2.7) |   16:45:26 (Jun15) |   2.91 GB | predict_floorplan
--------------------+---------------------+--------------+--------------------+-----------+----------------------
 01:13:17(01:08:39) |  01:11:41(01:04:52) |  77.7( 66.1) |   17:50:18 (Jun15) |   6.49 GB | rtl_floorplanning_syn_generic
--------------------+---------------------+--------------+--------------------+-----------+----------------------
 01:28:16(01:23:43) |  00:14:59(00:15:04) |  16.2( 15.3) |   18:05:22 (Jun15) |   7.39 GB | rtl_floorplanning_syn_map
--------------------+---------------------+--------------+--------------------+-----------+----------------------
 01:31:37(01:33:19) |  00:03:20(00:09:36) |   3.6(  9.8) |   18:14:58 (Jun15) |   8.08 GB | rtl_floorplanning_syn_opt
--------------------+---------------------+--------------+--------------------+-----------+----------------------
 01:32:25(01:37:16) |  00:00:48(00:03:57) |   0.9(  4.0) |   18:18:55 (Jun15) |   8.26 GB | export_post_synth
--------------------+---------------------+--------------+--------------------+-----------+----------------------
 01:32:25(01:38:18) |  00:00:00(00:01:02) |   0.0(  1.1) |   18:19:57 (Jun15) |   8.26 GB | export messages & metrics
--------------------+---------------------+--------------+--------------------+-----------+----------------------
Number of threads: 8 * 1   (id: synthesis, time_info v1.57)
Info: (*N*) indicates data that was populated from previously saved time_info database
Info: CPU time includes time of parent + longest thread
