
  Total Time (Wall) |  Stage Time (Wall)  |   % (Wall)   |    Date - Time     |  Memory   | Stage
--------------------+---------------------+--------------+--------------------+-----------+----------------------
 00:00:06(00:00:06) |  00:00:00(00:00:00) |   0.0(  0.0) |    9:58:05 (Jun16) |  340.9 MB | Loading_basic_settings
--------------------+---------------------+--------------+--------------------+-----------+----------------------
 00:00:34(00:00:13) |  00:00:28(00:00:07) |   0.5(  0.1) |    9:58:12 (Jun16) |   1.14 GB | init_libraries
--------------------+---------------------+--------------+--------------------+-----------+----------------------
 00:00:34(00:00:13) |  00:00:00(00:00:00) |   0.0(  0.0) |    9:58:12 (Jun16) |   1.14 GB | read_rtl
--------------------+---------------------+--------------+--------------------+-----------+----------------------
 00:00:53(00:00:33) |  00:00:19(00:00:20) |   0.3(  0.3) |    9:58:32 (Jun16) |   1.67 GB | post_elaboration
--------------------+---------------------+--------------+--------------------+-----------+----------------------
 00:01:09(00:01:09) |  00:00:16(00:00:36) |   0.3(  0.6) |    9:59:09 (Jun16) |   2.60 GB | init_design
--------------------+---------------------+--------------+--------------------+-----------+----------------------
 00:01:37(00:03:47) |  00:00:27(00:02:38) |   0.5(  2.7) |   10:01:46 (Jun16) |   2.92 GB | predict_floorplan
--------------------+---------------------+--------------+--------------------+-----------+----------------------
 01:13:49(01:09:36) |  01:12:11(01:05:49) |  77.6( 66.2) |   11:07:35 (Jun16) |   6.54 GB | rtl_floorplanning_syn_generic
--------------------+---------------------+--------------+--------------------+-----------+----------------------
 01:28:53(01:24:54) |  00:15:04(00:15:18) |  16.2( 15.4) |   11:22:53 (Jun16) |   7.36 GB | rtl_floorplanning_syn_map
--------------------+---------------------+--------------+--------------------+-----------+----------------------
 01:32:17(01:34:28) |  00:03:23(00:09:34) |   3.6(  9.6) |   11:32:27 (Jun16) |   7.76 GB | rtl_floorplanning_syn_opt
--------------------+---------------------+--------------+--------------------+-----------+----------------------
 01:33:06(01:38:26) |  00:00:49(00:03:58) |   0.9(  4.0) |   11:36:25 (Jun16) |   8.24 GB | export_post_synth
--------------------+---------------------+--------------+--------------------+-----------+----------------------
 01:33:06(01:39:28) |  00:00:00(00:01:02) |   0.0(  1.0) |   11:37:27 (Jun16) |   8.24 GB | export messages & metrics
--------------------+---------------------+--------------+--------------------+-----------+----------------------
Number of threads: 8 * 1   (id: synthesis, time_info v1.57)
Info: (*N*) indicates data that was populated from previously saved time_info database
Info: CPU time includes time of parent + longest thread
