 ------------------------------------------------------------------------------------------------------------------------------------------------------- 
| Snapshot                | WNS                  | TNS                  | Density (%) | Hotspot                   | Resource               | DRVs       |
|                         | HEPG (ns) | ALL (ns) | HEPG (ns) | ALL (ns) |             | Max (bins) | Total (bins) | Real (s) | Memory (MB) | Tran | Cap |
|-------------------------+-----------+----------+-----------+----------+-------------+------------+--------------+----------+-------------+------+-----|
| initial_summary         |           |   -0.024 |           |       -0 |       52.67 |            |              | 0:00:02  |        6251 |    0 |   0 |
| route_type_refinement   |           |          |           |          |             |            |              | 0:00:01  |        6251 |      |     |
| simplify_netlist        |           |          |           |          |             |            |              | 0:00:01  |        6253 |      |     |
| excluded_clk_net_fixing |           |          |           |          |             |            |              | 0:00:01  |        6253 |      |     |
| global_opt              |           |    0.034 |           |        0 |       52.67 |            |              | 0:00:02  |        6339 |      |     |
| global_opt_2            |           |    0.034 |           |        0 |       52.67 |            |              | 0:00:02  |        6362 |      |     |
| area_reclaiming         |     0.000 |    0.034 |         0 |        0 |       52.67 |            |              | 0:00:02  |        6365 |      |     |
| area_reclaiming_2       |     0.000 |    0.034 |         0 |        0 |       52.65 |            |              | 0:00:05  |        6507 |      |     |
| area_reclaiming_3       |     0.000 |    0.034 |         0 |        0 |       52.65 |            |              | 0:00:01  |        6492 |      |     |
| local_wire_reclaim      |           |          |           |          |             |            |              | 0:00:11  |        6489 |      |     |
| global_route            |           |          |           |          |             |       0.00 |         0.00 | 0:00:01  |        6300 |      |     |
| route_type_refinement_2 |           |          |           |          |             |            |              | 0:00:00  |        6300 |      |     |
| drv_eco_fixing          |     0.000 |    0.026 |         0 |        0 |       52.69 |            |              | 0:00:02  |        6501 |    0 |   0 |
| final_summary           |     0.026 |    0.026 |           |        0 |       52.69 |       0.00 |         0.00 | 0:00:02  |        6407 |    0 |   0 |
 ------------------------------------------------------------------------------------------------------------------------------------------------------- 
